Component: ARM Compiler 5.06 update 6 (build 750) Tool: armlink [4d35ed]

==============================================================================

Section Cross References

    startup_a31g21x.o(STACK) refers (Special) to heapauxi.o(.text) for __use_two_region_memory
    startup_a31g21x.o(HEAP) refers (Special) to heapauxi.o(.text) for __use_two_region_memory
    startup_a31g21x.o(RESET) refers (Special) to heapauxi.o(.text) for __use_two_region_memory
    startup_a31g21x.o(RESET) refers to startup_a31g21x.o(STACK) for __initial_sp
    startup_a31g21x.o(RESET) refers to startup_a31g21x.o(.text) for Reset_Handler
    startup_a31g21x.o(RESET) refers to a31g21x_it.o(.text) for NMI_Handler
    startup_a31g21x.o(RESET) refers to serial.o(.text) for USART10_IRQHandler
    startup_a31g21x.o(.text) refers (Special) to heapauxi.o(.text) for __use_two_region_memory
    startup_a31g21x.o(.text) refers to system_a31g21x.o(.text) for SystemInit
    startup_a31g21x.o(.text) refers to __main.o(!!!main) for __main
    startup_a31g21x.o(.text) refers to startup_a31g21x.o(HEAP) for Heap_Mem
    startup_a31g21x.o(.text) refers to startup_a31g21x.o(STACK) for Stack_Mem
    system_a31g21x.o(.text) refers to system_a31g21x.o(.data) for SystemCoreClock
    a31g21x_hal_scu.o(.text) refers to a31g21x_hal_scu.o(i.__ARM_common_switch8) for __ARM_common_switch8
    a31g21x_hal_uartn.o(.text) refers to aeabi_sdiv.o(.text) for __aeabi_uidivmod
    a31g21x_hal_uartn.o(.text) refers to a31g21x_hal_uartn.o(.data) for UartBaseClock
    a31g21x_hal_uartn.o(.text) refers to system_a31g21x.o(.data) for SystemCoreClock
    a31g21x_hal_usart1n.o(.text) refers to aeabi_sdiv.o(.text) for __aeabi_uidivmod
    a31g21x_hal_usart1n.o(.text) refers to a31g21x_hal_scu.o(i.__ARM_common_switch8) for __ARM_common_switch8
    a31g21x_hal_usart1n.o(.text) refers to a31g21x_hal_usart1n.o(.data) for UsartBaseClock
    a31g21x_hal_usart1n.o(.text) refers to system_a31g21x.o(.data) for SystemCoreClock
    a31g21x_hal_i2c.o(.text) refers to aeabi_sdiv.o(.text) for __aeabi_uidivmod
    a31g21x_hal_i2c.o(.text) refers to system_a31g21x.o(.data) for SystemPeriClock
    a31g21x_hal_i2c.o(.text) refers to a31g21x_hal_i2c.o(.bss) for i2cdat
    a31g21x_hal_i2c.o(.text) refers to a31g21x_hal_i2c.o(.data) for I2C_MasterComplete
    a31g21x_hal_i2c.o(.text) refers to rt_memcpy.o(.emb_text) for __aeabi_memcpy4
    a31g21x_hal_i2c.o(.text) refers to a31g21x_hal_scu.o(i.__ARM_common_switch8) for __ARM_common_switch8
    main.o(.text) refers to a31g21x_hal_pcu.o(.text) for HAL_GPIO_ReadPin
    main.o(.text) refers to bt_mb3021.o(.text) for MB3021_BT_Module_Input_Key_Sync_With_Slave
    main.o(.text) refers to tas5806md.o(.text) for TAS5806MD_Amp_Mute
    main.o(.text) refers to a31g21x_hal_scu.o(.text) for HAL_SCU_SetResetSrc
    main.o(.text) refers to timer1n.o(.text) for TIMER12_Periodic_Mode_Run
    main.o(.text) refers to timer21.o(.text) for TIMER21_Periodic_Mode_Run
    main.o(.text) refers to remocon_action.o(.text) for Remocon_EQ_Key_Action
    main.o(.text) refers to timer20.o(.text) for TIMER20_Amp_error_flag_Stop
    main.o(.text) refers to a31g21x_hal_wdt.o(.text) for HAL_WDT_Init
    main.o(.text) refers to aeabi_sdiv.o(.text) for __aeabi_uidivmod
    main.o(.text) refers to a31g21x_hal_scu.o(i.__ARM_common_switch8) for __ARM_common_switch8
    main.o(.text) refers to main.o(.data) for B_AUX_DET
    main.o(.text) refers to main.o(.bss) for wdtCfg
    main.o(.text) refers to system_a31g21x.o(.data) for SystemCoreClock
    main.o(.text) refers to serial.o(.text) for Serial_Open
    main.o(.text) refers to i2c.o(.text) for I2C_Configure
    main.o(.text) refers to adc.o(.text) for ADC_Configure
    main.o(.text) refers to flash.o(.text) for Flash_Read
    main.o(.text) refers to led_display.o(.text) for Set_Status_LED_Mode
    main.o(.text) refers to system_a31g21x.o(.text) for SystemInit
    main.o(.text) refers to a31g21x_portinit.o(.text) for Port_Init
    main.o(.text) refers to a31g21x_systemclock.o(.text) for SystemClock_Config
    main.o(.text) refers to remocon_action.o(.data) for BBT_Pairing_Key_In
    a31g21x_it.o(.text) refers to main.o(.text) for SysTick_Handler_IT
    a31g21x_it.o(.text) refers to i2c.o(.text) for I2C0_IRQHandler_IT
    a31g21x_it.o(.text) refers to timer20.o(.text) for TIMER20_IRQHandler_IT
    a31g21x_it.o(.text) refers to timer1n.o(.text) for TIMER12_IRQHandler_IT
    a31g21x_it.o(.text) refers to timer21.o(.text) for TIMER21_IRQHandler_IT
    a31g21x_systemclock.o(.text) refers to a31g21x_hal_scu.o(.text) for HAL_SCU_HSI_ClockConfig
    a31g21x_systemclock.o(.text) refers to system_a31g21x.o(.data) for SystemCoreClock
    i2c.o(.text) refers to a31g21x_hal_i2c.o(.text) for HAL_I2C_Master_IRQHandler_IT
    i2c.o(.text) refers to i2c.o(.data) for isMasterMode
    serial.o(.text) refers to a31g21x_hal_usart1n.o(.text) for HAL_USART_ConfigInterrupt
    serial.o(.text) refers to a31g21x_hal_pcu.o(.text) for HAL_GPIO_ConfigOutput
[...]
    .ARM.Collect$$libshutdown$$00000007      0x00000126   Section        0  libshutdown2.o(.ARM.Collect$$libshutdown$$00000007)
    .ARM.Collect$$libshutdown$$0000000A      0x00000126   Section        0  libshutdown2.o(.ARM.Collect$$libshutdown$$0000000A)
    .ARM.Collect$$libshutdown$$0000000C      0x00000126   Section        0  libshutdown2.o(.ARM.Collect$$libshutdown$$0000000C)
    .ARM.Collect$$libshutdown$$0000000F      0x00000126   Section        0  libshutdown2.o(.ARM.Collect$$libshutdown$$0000000F)
    .ARM.Collect$$libshutdown$$00000010      0x00000126   Section        2  libshutdown2.o(.ARM.Collect$$libshutdown$$00000010)
    .ARM.Collect$$rtentry$$00000000          0x00000128   Section        0  __rtentry.o(.ARM.Collect$$rtentry$$00000000)
    .ARM.Collect$$rtentry$$00000002          0x00000128   Section        0  __rtentry2.o(.ARM.Collect$$rtentry$$00000002)
    .ARM.Collect$$rtentry$$00000004          0x00000128   Section        6  __rtentry4.o(.ARM.Collect$$rtentry$$00000004)
    .ARM.Collect$$rtentry$$00000009          0x0000012e   Section        0  __rtentry2.o(.ARM.Collect$$rtentry$$00000009)
    .ARM.Collect$$rtentry$$0000000A          0x0000012e   Section        4  __rtentry2.o(.ARM.Collect$$rtentry$$0000000A)
    .ARM.Collect$$rtentry$$0000000C          0x00000132   Section        0  __rtentry2.o(.ARM.Collect$$rtentry$$0000000C)
    .ARM.Collect$$rtentry$$0000000D          0x00000132   Section        8  __rtentry2.o(.ARM.Collect$$rtentry$$0000000D)
    .ARM.Collect$$rtexit$$00000000           0x0000013a   Section        2  rtexit.o(.ARM.Collect$$rtexit$$00000000)
    .ARM.Collect$$rtexit$$00000002           0x0000013c   Section        0  rtexit2.o(.ARM.Collect$$rtexit$$00000002)
    .ARM.Collect$$rtexit$$00000003           0x0000013c   Section        4  rtexit2.o(.ARM.Collect$$rtexit$$00000003)
    .ARM.Collect$$rtexit$$00000004           0x00000140   Section        6  rtexit2.o(.ARM.Collect$$rtexit$$00000004)
    .emb_text                                0x00000148   Section       56  rt_memcpy.o(.emb_text)
    .text                                    0x00000180   Section       52  startup_a31g21x.o(.text)
    NULL_IRQHandler                          0x00000193   Thumb Code     2  startup_a31g21x.o(.text)
    .text                                    0x000001b4   Section        0  system_a31g21x.o(.text)
    .text                                    0x00000208   Section        0  a31g21x_hal_scu.o(.text)
    .text                                    0x00000644   Section        0  a31g21x_hal_pcu.o(.text)
    .text                                    0x00000910   Section        0  a31g21x_hal_usart1n.o(.text)
    .text                                    0x00000cb0   Section        0  a31g21x_hal_i2c.o(.text)
    I2C_getNum                               0x00000cb1   Thumb Code    28  a31g21x_hal_i2c.o(.text)
    NVIC_EnableIRQ                           0x000014a3   Thumb Code    14  a31g21x_hal_i2c.o(.text)
    NVIC_DisableIRQ                          0x000014b1   Thumb Code    16  a31g21x_hal_i2c.o(.text)
    NVIC_ClearPendingIRQ                     0x000014c1   Thumb Code    14  a31g21x_hal_i2c.o(.text)
    .text                                    0x000014e8   Section        0  a31g21x_hal_timer2n.o(.text)
    .text                                    0x00001784   Section        0  a31g21x_hal_timer1n.o(.text)
    .text                                    0x00001a7c   Section        0  a31g21x_hal_adc.o(.text)
    .text                                    0x00001b90   Section        0  a31g21x_hal_wdt.o(.text)
    .text                                    0x00001c74   Section        0  main.o(.text)
    NVIC_SetPriority                         0x00001c75   Thumb Code   110  main.o(.text)
    Serial_Get_Data_Intterupt_Callback       0x000020c1   Thumb Code    48  main.o(.text)
    NVIC_EnableIRQ                           0x00003111   Thumb Code    14  main.o(.text)
    .text                                    0x00003150   Section        0  a31g21x_it.o(.text)
    .text                                    0x000031ac   Section        0  a31g21x_portinit.o(.text)
    .text                                    0x00003288   Section        0  a31g21x_systemclock.o(.text)
    .text                                    0x000032dc   Section        0  i2c.o(.text)
    .text                                    0x0000345c   Section        0  serial.o(.text)
    NVIC_SetPriority                         0x0000345d   Thumb Code   110  serial.o(.text)
    Serial_Interrupt_Configuration           0x000034cb   Thumb Code    84  serial.o(.text)
    Serial_USART_Configuration               0x0000351f   Thumb Code    54  serial.o(.text)
    Serial_GPIO_Configuration                0x00003555   Thumb Code   120  serial.o(.text)
    NVIC_EnableIRQ                           0x000036b7   Thumb Code    14  serial.o(.text)
    .text                                    0x000036e8   Section        0  timer1n.o(.text)
    NVIC_SetPriority                         0x000036e9   Thumb Code   110  timer1n.o(.text)
    NVIC_EnableIRQ                           0x000039a1   Thumb Code    14  timer1n.o(.text)
    .text                                    0x000039f8   Section        0  led_display.o(.text)
    .text                                    0x00003d3c   Section        0  remocon_action.o(.text)
    .text                                    0x0000421c   Section        0  timer21.o(.text)
    NVIC_SetPriority                         0x00004415   Thumb Code   110  timer21.o(.text)
    .text                                    0x000044b4   Section        0  bt_mb3021.o(.text)
    SPP_BLE_COM_Calculate_Checksum           0x00004705   Thumb Code    36  bt_mb3021.o(.text)
    MB3021_BT_Module_Calculate_Checksum      0x00004855   Thumb Code    26  bt_mb3021.o(.text)
    MB3021_BT_Module_RESP_Error_Code         0x00004ff9   Thumb Code    54  bt_mb3021.o(.text)
    MB3021_BT_Module_Remote_Data_Receive     0x0000502f   Thumb Code  1242  bt_mb3021.o(.text)
    MB3021_BT_Module_Receive_Data_RESP       0x00005949   Thumb Code    62  bt_mb3021.o(.text)
    MB3021_BT_Module_Receive_Data_IND        0x00005987   Thumb Code  1060  bt_mb3021.o(.text)
    .text                                    0x00006cf4   Section        0  tas5806md.o(.text)
    .text                                    0x000078b8   Section        0  timer20.o(.text)
    NVIC_SetPriority                         0x00007e49   Thumb Code   110  timer20.o(.text)
    .text                                    0x00007ee4   Section        0  flash.o(.text)
    .text                                    0x0000823c   Section        0  adc.o(.text)
    .text                                    0x000082d8   Section        0  strncmp.o(.text)
    .text                                    0x00008378   Section        0  rt_memcpy.o(.text)
    .text                                    0x000083fa   Section        0  rt_memclr.o(.text)
    .text                                    0x0000843c   Section        0  strncpy.o(.text)
    .text                                    0x000084a8   Section      346  aeabi_sdiv.o(.text)
    .text                                    0x00008602   Section        0  heapauxi.o(.text)
    .text                                    0x00008608   Section       62  sys_stackheap_outer.o(.text)
    .text                                    0x00008646   Section        0  exit.o(.text)
    .text                                    0x00008658   Section        8  libspace.o(.text)
    .text                                    0x00008660   Section        0  sys_exit.o(.text)
    .text                                    0x0000866c   Section        2  use_no_semi.o(.text)
    .text                                    0x0000866e   Section        0  indicate_semi.o(.text)
    .text                                    0x0000866e   Section        0  __dczerorl2.o(.text)
    i.__ARM_common_switch8                   0x000086c4   Section        0  a31g21x_hal_scu.o(i.__ARM_common_switch8)
    .constdata                               0x000086e0   Section       18  remocon_action.o(.constdata)
    .constdata                               0x000086f2   Section     8252  tas5806md.o(.constdata)
    .data                                    0x20000000   Section        8  system_a31g21x.o(.data)
    .data                                    0x20000008   Section        4  a31g21x_hal_usart1n.o(.data)
    .data                                    0x2000000c   Section        4  a31g21x_hal_i2c.o(.data)
    I2C_MasterComplete                       0x2000000c   Data           2  a31g21x_hal_i2c.o(.data)
    I2C_SlaveComplete                        0x2000000e   Data           2  a31g21x_hal_i2c.o(.data)
    .data                                    0x20000010   Section      108  main.o(.data)
    flashStatus                              0x20000010   Data           1  main.o(.data)
    Clk_detect_uCount                        0x20000018   Data           4  main.o(.data)
    uAttenuator_Vol                          0x2000001c   Data           4  main.o(.data)
    IsEQ_BSP                                 0x20000020   Data           1  main.o(.data)
    ADC3_Value                               0x20000024   Data           4  main.o(.data)
    ADC3_Value_bk                            0x20000028   Data           4  main.o(.data)
    uSelect_Ch                               0x2000002c   Data           1  main.o(.data)
    ADC2_Value                               0x20000030   Data           4  main.o(.data)
    ADC2_Value_bk                            0x20000034   Data           4  main.o(.data)
    uCount1                                  0x20000038   Data           4  main.o(.data)
    uCurVolLevel_bk                          0x2000003c   Data           1  main.o(.data)
    uCurAttenuator                           0x2000003d   Data           1  main.o(.data)
    status                                   0x20000040   Data           4  main.o(.data)
    clear_bit                                0x20000044   Data           4  main.o(.data)
    status                                   0x20000048   Data           4  main.o(.data)
    clear_bit                                0x2000004c   Data           4  main.o(.data)
    shift_bit                                0x20000050   Data           4  main.o(.data)
    key_bk                                   0x20000054   Data           1  main.o(.data)
    filtering_time                           0x20000058   Data           4  main.o(.data)
    filtering_time_old                       0x2000005c   Data           4  main.o(.data)
    filtering_time_very_old                  0x20000060   Data           4  main.o(.data)
    key_bk1                                  0x20000064   Data           1  main.o(.data)
    filtering_time1                          0x20000068   Data           4  main.o(.data)
    filtering_time_old1                      0x2000006c   Data           4  main.o(.data)
    filtering_time_very_old1                 0x20000070   Data           4  main.o(.data)
    ADC3_Value                               0x20000074   Data           4  main.o(.data)
    ADC2_Value                               0x20000078   Data           4  main.o(.data)
    .data                                    0x2000007c   Section        3  i2c.o(.data)
    .data                                    0x20000080   Section       10  serial.o(.data)
    .data                                    0x2000008c   Section       17  timer1n.o(.data)
    timer12_50ms_count_bk                    0x20000098   Data           4  timer1n.o(.data)
    Enable                                   0x2000009c   Data           1  timer1n.o(.data)
    .data                                    0x2000009d   Section        4  led_display.o(.data)
    .data                                    0x200000a1   Section        7  remocon_action.o(.data)
    flashStatus                              0x200000a1   Data           1  remocon_action.o(.data)
    Power_state                              0x200000a2   Data           1  remocon_action.o(.data)
    bVolume_Level                            0x200000a5   Data           1  remocon_action.o(.data)
    EQ_mode                                  0x200000a7   Data           1  remocon_action.o(.data)
    .data                                    0x200000a8   Section       10  timer21.o(.data)
    On_bk                                    0x200000ae   Data           1  timer21.o(.data)
    Very_Fast_Flag                           0x200000af   Data           1  timer21.o(.data)
    Fast_Flag                                0x200000b0   Data           1  timer21.o(.data)
    Slow_Flag                                0x200000b1   Data           1  timer21.o(.data)
    .data                                    0x200000b4   Section      180  bt_mb3021.o(.data)
    flashStatus                              0x200000b4   Data           1  bt_mb3021.o(.data)
    bPolling_Get_Data                        0x20000140   Data           4  bt_mb3021.o(.data)
    bPolling_Get_Data_backup                 0x20000144   Data           4  bt_mb3021.o(.data)
    bPolling_Get_BT_Profile_State            0x20000148   Data           2  bt_mb3021.o(.data)
    bPolling_Set_Action                      0x2000014a   Data           2  bt_mb3021.o(.data)
    uSPP_RECEIVE_DATA_ERROR                  0x2000014c   Data           1  bt_mb3021.o(.data)
    uEQ_Mode                                 0x2000014d   Data           1  bt_mb3021.o(.data)
    uNext_Grouping_State                     0x2000014e   Data           1  bt_mb3021.o(.data)
    uPrev_Grouping_State                     0x2000014f   Data           1  bt_mb3021.o(.data)
    uBuf                                     0x20000151   Data           2  bt_mb3021.o(.data)
    uCount                                   0x20000154   Data           2  bt_mb3021.o(.data)
    uData_length_count                       0x20000156   Data           2  bt_mb3021.o(.data)
    uData_length                             0x20000158   Data           2  bt_mb3021.o(.data)
    uMajor_ID                                0x2000015a   Data           1  bt_mb3021.o(.data)
    uMinor_ID                                0x2000015b   Data           1  bt_mb3021.o(.data)
    uNext_state                              0x2000015c   Data           1  bt_mb3021.o(.data)
    uPacket_Type                             0x2000015d   Data           1  bt_mb3021.o(.data)
    uDP_Source_Type                          0x2000015e   Data           1  bt_mb3021.o(.data)
    uDP_Data_Ch                              0x2000015f   Data           1  bt_mb3021.o(.data)
    uCount                                   0x20000160   Data           4  bt_mb3021.o(.data)
    uTimerVal                                0x20000164   Data           4  bt_mb3021.o(.data)
    .data                                    0x20000168   Section        8  tas5806md.o(.data)
    flashStatus                              0x20000168   Data           1  tas5806md.o(.data)
    IS_Mute                                  0x2000016a   Data           1  tas5806md.o(.data)
    Display_Mute                             0x2000016b   Data           1  tas5806md.o(.data)
    Cur_EQ_Mode                              0x2000016e   Data           1  tas5806md.o(.data)
    uCount                                   0x2000016f   Data           1  tas5806md.o(.data)
    .data                                    0x20000170   Section       73  timer20.o(.data)
    timer20_100ms_count                      0x20000170   Data           4  timer20.o(.data)
    timer20_500ms_count                      0x20000174   Data           4  timer20.o(.data)
    timer20_1s_count                         0x20000178   Data           4  timer20.o(.data)
    On_bk                                    0x200001b8   Data           1  timer20.o(.data)
    .data                                    0x200001bc   Section        8  flash.o(.data)
    flashStatus                              0x200001bc   Data           1  flash.o(.data)
    wdt_value_mirror                         0x200001c0   Data           4  flash.o(.data)
    .bss                                     0x200001c4   Section       64  a31g21x_hal_i2c.o(.bss)
    i2cdat                                   0x200001c4   Data          64  a31g21x_hal_i2c.o(.bss)
    .bss                                     0x20000204   Section      268  main.o(.bss)
    .bss                                     0x20000310   Section       10  timer1n.o(.bss)
    .bss                                     0x2000031c   Section       16  timer21.o(.bss)
    .bss                                     0x2000032c   Section      128  bt_mb3021.o(.bss)
    uBuf                                     0x2000036c   Data          32  bt_mb3021.o(.bss)
    uBuf                                     0x2000038c   Data          32  bt_mb3021.o(.bss)
    .bss                                     0x200003ac   Section       16  timer20.o(.bss)
    .bss                                     0x200003bc   Section       28  adc.o(.bss)
    .bss                                     0x200003d8   Section       96  libspace.o(.bss)
    HEAP                                     0x20000438   Section        0  startup_a31g21x.o(HEAP)
    STACK                                    0x20000438   Section      512  startup_a31g21x.o(STACK)
    Heap_Mem                                 0x20000438   Data           0  startup_a31g21x.o(HEAP)
    Stack_Mem                                0x20000438   Data         512  startup_a31g21x.o(STACK)
    __initial_sp                             0x20000638   Data           0  startup_a31g21x.o(STACK)

    Global Symbols

    Symbol Name                              Value     Ov Type        Size  Object(Section)

    BuildAttributes$$THM_ISAv3M$S$PE$A:L22$X:L11$S22$IEEE1$IW$USESV6$~STKCKD$USESV7$~SHL$OSPACE$ROPI$EBA8$UX$STANDARDLIB$REQ8$PRES8$EABIv2 0x00000000   Number         0  anon$$obj.o ABSOLUTE
    __ARM_use_no_argv                        0x00000000   Number         0  main.o ABSOLUTE
    __Vectors                                0x00000000   Data           4  startup_a31g21x.o(RESET)
    __ARM_exceptions_init                     - Undefined Weak Reference
    __alloca_initialize                       - Undefined Weak Reference
    __arm_preinit_                            - Undefined Weak Reference
    __cpp_initialize__aeabi_                  - Undefined Weak Reference
    __cxa_finalize                            - Undefined Weak Reference
    __rt_locale                               - Undefined Weak Reference
    __sigvec_lookup                           - Undefined Weak Reference
    _atexit_init                              - Undefined Weak Reference
    _call_atexit_fns                          - Undefined Weak Reference
    _clock_init                               - Undefined Weak Reference
    _fp_trap_init                             - Undefined Weak Reference
    _fp_trap_shutdown                         - Undefined Weak Reference
    _get_lc_collate                           - Undefined Weak Reference
    _get_lc_ctype                             - Undefined Weak Reference
    _get_lc_monetary                          - Undefined Weak Reference
    _get_lc_numeric                           - Undefined Weak Reference
    _get_lc_time                              - Undefined Weak Reference
    _getenv_init                              - Undefined Weak Reference
    _handle_redirection                       - Undefined Weak Reference
    _init_alloc                               - Undefined Weak Reference
    _init_user_alloc                          - Undefined Weak Reference
    _initio                                   - Undefined Weak Reference
    _rand_init                                - Undefined Weak Reference
    _signal_finish                            - Undefined Weak Reference
    _signal_init                              - Undefined Weak Reference
    _terminate_alloc                          - Undefined Weak Reference
    _terminate_user_alloc                     - Undefined Weak Reference
    _terminateio                              - Undefined Weak Reference
    __main                                   0x000000c1   Thumb Code     8  __main.o(!!!main)
    __scatterload                            0x000000c9   Thumb Code     0  __scatter.o(!!!scatter)
    __scatterload_rt2                        0x000000c9   Thumb Code    52  __scatter.o(!!!scatter)
    __scatterload_rt2_thumb_only             0x000000c9   Thumb Code     0  __scatter.o(!!!scatter)
    __scatterload_null                       0x000000d9   Thumb Code     0  __scatter.o(!!!scatter)
    __scatterload_zeroinit                   0x00000105   Thumb Code    28  __scatter_zi.o(!!handler_zi)
    __rt_lib_init                            0x00000121   Thumb Code     0  libinit.o(.ARM.Collect$$libinit$$00000000)
    __rt_lib_init_alloca_1                   0x00000123   Thumb Code     0  libinit2.o(.ARM.Collect$$libinit$$0000002E)
    __rt_lib_init_argv_1                     0x00000123   Thumb Code     0  libinit2.o(.ARM.Collect$$libinit$$0000002C)
    __rt_lib_init_atexit_1                   0x00000123   Thumb Code     0  libinit2.o(.ARM.Collect$$libinit$$0000001B)
    __rt_lib_init_clock_1                    0x00000123   Thumb Code     0  libinit2.o(.ARM.Collect$$libinit$$00000021)
    __rt_lib_init_cpp_1                      0x00000123   Thumb Code     0  libinit2.o(.ARM.Collect$$libinit$$00000032)
    __rt_lib_init_exceptions_1               0x00000123   Thumb Code     0  libinit2.o(.ARM.Collect$$libinit$$00000030)
    __rt_lib_init_fp_1                       0x00000123   Thumb Code     0  libinit2.o(.ARM.Collect$$libinit$$00000002)
    __rt_lib_init_fp_trap_1                  0x00000123   Thumb Code     0  libinit2.o(.ARM.Collect$$libinit$$0000001F)
    __rt_lib_init_getenv_1                   0x00000123   Thumb Code     0  libinit2.o(.ARM.Collect$$libinit$$00000023)
    __rt_lib_init_heap_1                     0x00000123   Thumb Code     0  libinit2.o(.ARM.Collect$$libinit$$0000000A)
    __rt_lib_init_lc_collate_1               0x00000123   Thumb Code     0  libinit2.o(.ARM.Collect$$libinit$$00000011)
    __rt_lib_init_lc_ctype_1                 0x00000123   Thumb Code     0  libinit2.o(.ARM.Collect$$libinit$$00000013)
    __rt_lib_init_lc_monetary_1              0x00000123   Thumb Code     0  libinit2.o(.ARM.Collect$$libinit$$00000015)
    __rt_lib_init_lc_numeric_1               0x00000123   Thumb Code     0  libinit2.o(.ARM.Collect$$libinit$$00000017)
    __rt_lib_init_lc_time_1                  0x00000123   Thumb Code     0  libinit2.o(.ARM.Collect$$libinit$$00000019)
    __rt_lib_init_preinit_1                  0x00000123   Thumb Code     0  libinit2.o(.ARM.Collect$$libinit$$00000004)
    __rt_lib_init_rand_1                     0x00000123   Thumb Code     0  libinit2.o(.ARM.Collect$$libinit$$0000000E)
    __rt_lib_init_return                     0x00000123   Thumb Code     0  libinit2.o(.ARM.Collect$$libinit$$00000033)
    __rt_lib_init_signal_1                   0x00000123   Thumb Code     0  libinit2.o(.ARM.Collect$$libinit$$0000001D)
    __rt_lib_init_stdio_1                    0x00000123   Thumb Code     0  libinit2.o(.ARM.Collect$$libinit$$00000025)
    __rt_lib_init_user_alloc_1               0x00000123   Thumb Code     0  libinit2.o(.ARM.Collect$$libinit$$0000000C)
    __rt_lib_shutdown                        0x00000125   Thumb Code     0  libshutdown.o(.ARM.Collect$$libshutdown$$00000000)
    __rt_lib_shutdown_cpp_1                  0x00000127   Thumb Code     0  libshutdown2.o(.ARM.Collect$$libshutdown$$00000002)
    __rt_lib_shutdown_fp_trap_1              0x00000127   Thumb Code     0  libshutdown2.o(.ARM.Collect$$libshutdown$$00000007)
    __rt_lib_shutdown_heap_1                 0x00000127   Thumb Code     0  libshutdown2.o(.ARM.Collect$$libshutdown$$0000000F)
    __rt_lib_shutdown_return                 0x00000127   Thumb Code     0  libshutdown2.o(.ARM.Collect$$libshutdown$$00000010)
    __rt_lib_shutdown_signal_1               0x00000127   Thumb Code     0  libshutdown2.o(.ARM.Collect$$libshutdown$$0000000A)
    __rt_lib_shutdown_stdio_1                0x00000127   Thumb Code     0  libshutdown2.o(.ARM.Collect$$libshutdown$$00000004)
    __rt_lib_shutdown_user_alloc_1           0x00000127   Thumb Code     0  libshutdown2.o(.ARM.Collect$$libshutdown$$0000000C)
    __rt_entry                               0x00000129   Thumb Code     0  __rtentry.o(.ARM.Collect$$rtentry$$00000000)
    __rt_entry_presh_1                       0x00000129   Thumb Code     0  __rtentry2.o(.ARM.Collect$$rtentry$$00000002)
    __rt_entry_sh                            0x00000129   Thumb Code     0  __rtentry4.o(.ARM.Collect$$rtentry$$00000004)
    __rt_entry_li                            0x0000012f   Thumb Code     0  __rtentry2.o(.ARM.Collect$$rtentry$$0000000A)
    __rt_entry_postsh_1                      0x0000012f   Thumb Code     0  __rtentry2.o(.ARM.Collect$$rtentry$$00000009)
    __rt_entry_main                          0x00000133   Thumb Code     0  __rtentry2.o(.ARM.Collect$$rtentry$$0000000D)
    __rt_entry_postli_1                      0x00000133   Thumb Code     0  __rtentry2.o(.ARM.Collect$$rtentry$$0000000C)
    __rt_exit                                0x0000013b   Thumb Code     0  rtexit.o(.ARM.Collect$$rtexit$$00000000)
    __rt_exit_ls                             0x0000013d   Thumb Code     0  rtexit2.o(.ARM.Collect$$rtexit$$00000003)
    __rt_exit_prels_1                        0x0000013d   Thumb Code     0  rtexit2.o(.ARM.Collect$$rtexit$$00000002)
    __rt_exit_exit                           0x00000141   Thumb Code     0  rtexit2.o(.ARM.Collect$$rtexit$$00000004)
    __aeabi_memcpy4                          0x00000149   Thumb Code    56  rt_memcpy.o(.emb_text)
    __aeabi_memcpy8                          0x00000149   Thumb Code     0  rt_memcpy.o(.emb_text)
    Reset_Handler                            0x00000181   Thumb Code     8  startup_a31g21x.o(.text)
    ADC_IRQHandler                           0x00000193   Thumb Code     0  startup_a31g21x.o(.text)
    CRC_IRQHandler                           0x00000193   Thumb Code     0  startup_a31g21x.o(.text)
    I2C1_IRQHandler                          0x00000193   Thumb Code     0  startup_a31g21x.o(.text)
    LED_IRQHandler                           0x00000193   Thumb Code     0  startup_a31g21x.o(.text)
    LVI_IRQHandler                           0x00000193   Thumb Code     0  startup_a31g21x.o(.text)
    SPI20_IRQHandler                         0x00000193   Thumb Code     0  startup_a31g21x.o(.text)
    SPI21_IRQHandler                         0x00000193   Thumb Code     0  startup_a31g21x.o(.text)
    SYSCLKFAIL_IRQHandler                    0x00000193   Thumb Code     0  startup_a31g21x.o(.text)
    TIMER10_IRQHandler                       0x00000193   Thumb Code     0  startup_a31g21x.o(.text)
    TIMER11_IRQHandler                       0x00000193   Thumb Code     0  startup_a31g21x.o(.text)
    TIMER30_IRQHandler                       0x00000193   Thumb Code     0  startup_a31g21x.o(.text)
    TOUCH_IRQHandler                         0x00000193   Thumb Code     0  startup_a31g21x.o(.text)
    UART0_IRQHandler                         0x00000193   Thumb Code     0  startup_a31g21x.o(.text)
    UART1_IRQHandler                         0x00000193   Thumb Code     0  startup_a31g21x.o(.text)
    USART11_IRQHandler                       0x00000193   Thumb Code     0  startup_a31g21x.o(.text)
    WDT_IRQHandler                           0x00000193   Thumb Code     0  startup_a31g21x.o(.text)
    WT_IRQHandler                            0x00000193   Thumb Code     0  startup_a31g21x.o(.text)
    __user_initial_stackheap                 0x00000195   Thumb Code     0  startup_a31g21x.o(.text)
    SystemCoreClockUpdate                    0x000001b5   Thumb Code    12  system_a31g21x.o(.text)
    SystemInit                               0x000001c1   Thumb Code    38  system_a31g21x.o(.text)
    HAL_SCU_LSE_ClockConfig                  0x00000209   Thumb Code    30  a31g21x_hal_scu.o(.text)
    HAL_SCU_LSE_ClockMonitoring              0x00000227   Thumb Code    36  a31g21x_hal_scu.o(.text)
    HAL_SCU_LSI_ClockConfig                  0x0000024b   Thumb Code    30  a31g21x_hal_scu.o(.text)
    HAL_SCU_HSI_ClockConfig                  0x00000269   Thumb Code    28  a31g21x_hal_scu.o(.text)
    HAL_SCU_HSE_ClockConfig                  0x00000285   Thumb Code    26  a31g21x_hal_scu.o(.text)
    HAL_SCU_HSE_ClockMonitoring              0x0000029f   Thumb Code    94  a31g21x_hal_scu.o(.text)
    HAL_SCU_SystemClockChange                0x000002fd   Thumb Code    26  a31g21x_hal_scu.o(.text)
    HAL_SCU_SystemClockFinClock              0x00000317   Thumb Code    28  a31g21x_hal_scu.o(.text)
    HAL_SCU_ClockOutput                      0x00000333   Thumb Code    14  a31g21x_hal_scu.o(.text)
    HAL_SCU_PLL_ClockConfig                  0x00000341   Thumb Code   130  a31g21x_hal_scu.o(.text)
    HAL_SCU_Timer1n_ClockConfig              0x000003c3   Thumb Code    26  a31g21x_hal_scu.o(.text)
    HAL_SCU_Timer20_ClockConfig              0x000003dd   Thumb Code    26  a31g21x_hal_scu.o(.text)
    HAL_SCU_Timer30_ClockConfig              0x000003f7   Thumb Code    26  a31g21x_hal_scu.o(.text)
    HAL_SCU_LED_ClockConfig                  0x00000411   Thumb Code    26  a31g21x_hal_scu.o(.text)
    HAL_SCU_WT_ClockConfig                   0x0000042b   Thumb Code    28  a31g21x_hal_scu.o(.text)
    HAL_SCU_WDT_ClockConfig                  0x00000447   Thumb Code    26  a31g21x_hal_scu.o(.text)
    HAL_SCU_MiscClockConfig                  0x00000461   Thumb Code   270  a31g21x_hal_scu.o(.text)
    HAL_SCU_LVR_SetLevel                     0x0000056f   Thumb Code    10  a31g21x_hal_scu.o(.text)
    HAL_SCU_LVRCmd                           0x00000579   Thumb Code    28  a31g21x_hal_scu.o(.text)
    HAL_SCU_LVI_GetLviFlag                   0x00000595   Thumb Code    10  a31g21x_hal_scu.o(.text)
    HAL_SCU_LVI_ClrLviFlag                   0x0000059f   Thumb Code    14  a31g21x_hal_scu.o(.text)
    HAL_SCU_WakeUpSRCCmd                     0x000005ad   Thumb Code    32  a31g21x_hal_scu.o(.text)
    HAL_SCU_GetWakeUpSRCStatus               0x000005cd   Thumb Code     8  a31g21x_hal_scu.o(.text)
    HAL_SCU_ClearWakeUpSRC                   0x000005d5   Thumb Code     8  a31g21x_hal_scu.o(.text)
    HAL_SCU_GetNMIStatus                     0x000005dd   Thumb Code     6  a31g21x_hal_scu.o(.text)
    HAL_SCU_SetNMI                           0x000005e3   Thumb Code    50  a31g21x_hal_scu.o(.text)
    HAL_SCU_SetResetSrc                      0x00000615   Thumb Code    32  a31g21x_hal_scu.o(.text)
    HAL_SCU_GetResetSrc                      0x00000635   Thumb Code     8  a31g21x_hal_scu.o(.text)
    HAL_SCU_ClearResetStatus                 0x0000063d   Thumb Code     8  a31g21x_hal_scu.o(.text)
    HAL_GPIO_Init                            0x00000645   Thumb Code   166  a31g21x_hal_pcu.o(.text)
    HAL_GPIO_ConfigFunction                  0x000006eb   Thumb Code    58  a31g21x_hal_pcu.o(.text)
    HAL_GPIO_ConfigOutput                    0x00000725   Thumb Code    86  a31g21x_hal_pcu.o(.text)
    HAL_GPIO_ConfigPullup                    0x0000077b   Thumb Code    54  a31g21x_hal_pcu.o(.text)
    HAL_GPIO_ConfigOutDataMask               0x000007b1   Thumb Code    50  a31g21x_hal_pcu.o(.text)
    HAL_GPIO_EXTI_Config                     0x000007e3   Thumb Code   110  a31g21x_hal_pcu.o(.text)
    HAL_GPIO_EXTI_GetState                   0x00000851   Thumb Code     6  a31g21x_hal_pcu.o(.text)
    HAL_GPIO_EXTI_ClearPin                   0x00000857   Thumb Code    26  a31g21x_hal_pcu.o(.text)
    HAL_GPIO_TogglePin                       0x00000871   Thumb Code    30  a31g21x_hal_pcu.o(.text)
    HAL_GPIO_SetPin                          0x0000088f   Thumb Code    26  a31g21x_hal_pcu.o(.text)
    HAL_GPIO_ClearPin                        0x000008a9   Thumb Code    26  a31g21x_hal_pcu.o(.text)
    HAL_GPIO_ReadPin                         0x000008c3   Thumb Code     8  a31g21x_hal_pcu.o(.text)
    HAL_GPIO_WritePin                        0x000008cb   Thumb Code    26  a31g21x_hal_pcu.o(.text)
    HAL_GPIO_SetDebouncePin                  0x000008e5   Thumb Code    38  a31g21x_hal_pcu.o(.text)
    HAL_USART_ReceiveByte                    0x00000911   Thumb Code     8  a31g21x_hal_usart1n.o(.text)
    HAL_USART_set_divisors                   0x00000919   Thumb Code    28  a31g21x_hal_usart1n.o(.text)
    HAL_USART_Init                           0x00000935   Thumb Code   354  a31g21x_hal_usart1n.o(.text)
    HAL_USART_DeInit                         0x00000a97   Thumb Code    70  a31g21x_hal_usart1n.o(.text)
    HAL_USART_Enable                         0x00000add   Thumb Code    30  a31g21x_hal_usart1n.o(.text)
    HAL_USART_UART_Mode_Config               0x00000afb   Thumb Code    24  a31g21x_hal_usart1n.o(.text)
    HAL_USART_SPI_Mode_Config                0x00000b13   Thumb Code    26  a31g21x_hal_usart1n.o(.text)
    HAL_USART_USRT_Mode_Config               0x00000b2d   Thumb Code    24  a31g21x_hal_usart1n.o(.text)
    HAL_USART_TransmitByte                   0x00000b45   Thumb Code     8  a31g21x_hal_usart1n.o(.text)
    HAL_USART_Transmit                       0x00000b4d   Thumb Code    48  a31g21x_hal_usart1n.o(.text)
    HAL_USART_Receive                        0x00000b7d   Thumb Code    48  a31g21x_hal_usart1n.o(.text)
    HAL_USART_ConfigInterrupt                0x00000bad   Thumb Code    68  a31g21x_hal_usart1n.o(.text)
    HAL_USART_GetStatus                      0x00000bf1   Thumb Code     8  a31g21x_hal_usart1n.o(.text)
    HAL_USART_ClearStatus                    0x00000bf9   Thumb Code    48  a31g21x_hal_usart1n.o(.text)
    HAL_USART_CheckBusy                      0x00000c29   Thumb Code    20  a31g21x_hal_usart1n.o(.text)
    HAL_USART_DataControlConfig              0x00000c3d   Thumb Code    98  a31g21x_hal_usart1n.o(.text)
    HAL_I2C_Init                             0x00000ccd   Thumb Code   180  a31g21x_hal_i2c.o(.text)
    HAL_I2C_DeInit                           0x00000d81   Thumb Code    68  a31g21x_hal_i2c.o(.text)
    HAL_I2C_ConfigInterrupt                  0x00000dc5   Thumb Code    78  a31g21x_hal_i2c.o(.text)
    HAL_I2C_Master_IRQHandler_IT             0x00000e13   Thumb Code   300  a31g21x_hal_i2c.o(.text)
    HAL_I2C_Slave_IRQHandler_IT              0x00000f3f   Thumb Code   154  a31g21x_hal_i2c.o(.text)
    HAL_I2C_Master_GetMode                   0x00000fd9   Thumb Code   106  a31g21x_hal_i2c.o(.text)
    HAL_I2C_MasterTransferData               0x00001043   Thumb Code   618  a31g21x_hal_i2c.o(.text)
    HAL_I2C_Slave_GetMode                    0x000012ad   Thumb Code   114  a31g21x_hal_i2c.o(.text)
    HAL_I2C_SlaveTransferData                0x0000131f   Thumb Code   194  a31g21x_hal_i2c.o(.text)
    HAL_I2C_Master_Transmit                  0x000013e1   Thumb Code    30  a31g21x_hal_i2c.o(.text)
    HAL_I2C_Master_Receive                   0x000013ff   Thumb Code    30  a31g21x_hal_i2c.o(.text)
    HAL_I2C_Slave_Receive                    0x0000141d   Thumb Code    30  a31g21x_hal_i2c.o(.text)
    HAL_I2C_Slave_SetAddress0                0x0000143b   Thumb Code    26  a31g21x_hal_i2c.o(.text)
    HAL_I2C_Slave_SetAddress1                0x00001455   Thumb Code    26  a31g21x_hal_i2c.o(.text)
    HAL_I2C_Master_GetState                  0x0000146f   Thumb Code    26  a31g21x_hal_i2c.o(.text)
    HAL_I2C_Slave_GetState                   0x00001489   Thumb Code    26  a31g21x_hal_i2c.o(.text)
    HAL_TIMER2n_Init                         0x000014e9   Thumb Code   318  a31g21x_hal_timer2n.o(.text)
    HAL_TIMER2n_DeInit                       0x00001627   Thumb Code    78  a31g21x_hal_timer2n.o(.text)
    HAL_TIMER2n_Cmd                          0x00001675   Thumb Code    30  a31g21x_hal_timer2n.o(.text)
    HAL_TIMER2n_ConfigInterrupt              0x00001693   Thumb Code    76  a31g21x_hal_timer2n.o(.text)
    HAL_TIMER2n_ClearCounter                 0x000016df   Thumb Code    14  a31g21x_hal_timer2n.o(.text)
    HAL_TIMER2n_GetMatchInterrupt            0x000016ed   Thumb Code    20  a31g21x_hal_timer2n.o(.text)
    HAL_TIMER2n_ClearMatchInterrupt          0x00001701   Thumb Code    14  a31g21x_hal_timer2n.o(.text)
    HAL_TIMER2n_GetCaptureData               0x0000170f   Thumb Code     6  a31g21x_hal_timer2n.o(.text)
    HAL_TIMER2n_GetCaptureInterrupt          0x00001715   Thumb Code    20  a31g21x_hal_timer2n.o(.text)
    HAL_TIMER2n_ClearCaptureInterrupt        0x00001729   Thumb Code    14  a31g21x_hal_timer2n.o(.text)
    HAL_TIMER2n_SetPolarity                  0x00001737   Thumb Code    68  a31g21x_hal_timer2n.o(.text)
    HAL_TIMER1n_Init                         0x00001785   Thumb Code   432  a31g21x_hal_timer1n.o(.text)
    HAL_TIMER1n_DeInit                       0x00001935   Thumb Code   146  a31g21x_hal_timer1n.o(.text)
    HAL_TIMER1n_Cmd                          0x000019c7   Thumb Code    30  a31g21x_hal_timer1n.o(.text)
    HAL_TIMER1n_ConfigInterrupt              0x000019e5   Thumb Code    48  a31g21x_hal_timer1n.o(.text)
    HAL_TIMER1n_ClearCounter                 0x00001a15   Thumb Code    14  a31g21x_hal_timer1n.o(.text)
    HAL_TIMER1n_GetMatchInterrupt            0x00001a23   Thumb Code    20  a31g21x_hal_timer1n.o(.text)
    HAL_TIMER1n_ClearMatchInterrupt          0x00001a37   Thumb Code    14  a31g21x_hal_timer1n.o(.text)
    HAL_TIMER1n_GetCaptureData               0x00001a45   Thumb Code     6  a31g21x_hal_timer1n.o(.text)
    HAL_TIMER1n_GetCaptureInterrupt          0x00001a4b   Thumb Code    20  a31g21x_hal_timer1n.o(.text)
    HAL_TIMER1n_ClearCaptureInterrupt        0x00001a5f   Thumb Code    14  a31g21x_hal_timer1n.o(.text)
    HAL_ADC_Init                             0x00001a7d   Thumb Code   104  a31g21x_hal_adc.o(.text)
    HAL_ADC_DeInit                           0x00001ae5   Thumb Code    38  a31g21x_hal_adc.o(.text)
    HAL_ADC_Start                            0x00001b0b   Thumb Code    24  a31g21x_hal_adc.o(.text)
    HAL_ADC_Stop                             0x00001b23   Thumb Code    24  a31g21x_hal_adc.o(.text)
    HAL_ADC_GetData                          0x00001b3b   Thumb Code    12  a31g21x_hal_adc.o(.text)
    HAL_ADC_ConfigInterrupt                  0x00001b47   Thumb Code    30  a31g21x_hal_adc.o(.text)
    HAL_ADC_ChannelSel                       0x00001b65   Thumb Code    20  a31g21x_hal_adc.o(.text)
    HAL_ADC_GetStatus                        0x00001b79   Thumb Code    10  a31g21x_hal_adc.o(.text)
    HAL_ADC_ClearStatus                      0x00001b83   Thumb Code    14  a31g21x_hal_adc.o(.text)
    HAL_WDT_Init                             0x00001b91   Thumb Code    62  a31g21x_hal_wdt.o(.text)
    HAL_WDT_DeInit                           0x00001bcf   Thumb Code    10  a31g21x_hal_wdt.o(.text)
    HAL_WDT_ReloadTimeCounter                0x00001bd9   Thumb Code    10  a31g21x_hal_wdt.o(.text)
    HAL_WDT_Start                            0x00001be3   Thumb Code    40  a31g21x_hal_wdt.o(.text)
    HAL_WDT_GetCurrentCount                  0x00001c0b   Thumb Code     6  a31g21x_hal_wdt.o(.text)
    HAL_WDT_GetStatus                        0x00001c11   Thumb Code     6  a31g21x_hal_wdt.o(.text)
    HAL_WDT_ClearStatus                      0x00001c17   Thumb Code    10  a31g21x_hal_wdt.o(.text)
    HAL_WDT_ConfigInterrupt                  0x00001c21   Thumb Code    68  a31g21x_hal_wdt.o(.text)
    Aux_In_Exist                             0x00001ce3   Thumb Code    26  main.o(.text)
    Aux_Mode_Setting_After_Timer_Checking    0x00001cfd   Thumb Code    38  main.o(.text)
    Set_Aux_Detection_flag                   0x00001d23   Thumb Code    32  main.o(.text)
    TAS5806MD_Init_After_Clk_Detect          0x00001d43   Thumb Code     8  main.o(.text)
    TAS5806MD_CLK_Detect_Count               0x00001d4b   Thumb Code     6  main.o(.text)
    uAttenuator_Vol_Value                    0x00001d51   Thumb Code     8  main.o(.text)
    delay_ms                                 0x00001d59   Thumb Code    26  main.o(.text)
    SW_Reset                                 0x00001d73   Thumb Code    70  main.o(.text)
    All_Timer_Off                            0x00001db9   Thumb Code    34  main.o(.text)
    Factory_Reset_Value_Setting              0x00001ddb   Thumb Code    16  main.o(.text)
    Init_Value_Setting                       0x00001deb   Thumb Code   142  main.o(.text)
    SysTick_Handler_IT                       0x00001e79   Thumb Code    20  main.o(.text)
    WDT_Configure                            0x00001e8d   Thumb Code    86  main.o(.text)
    SysTick_Configure                        0x00001ee3   Thumb Code    54  main.o(.text)
    WDT_ResetRun                             0x00001f19   Thumb Code    10  main.o(.text)
    WDT_ReloadTimeRun                        0x00001f23   Thumb Code     8  main.o(.text)
    Convert_ADC_To_Attenuator                0x00001f2b   Thumb Code   130  main.o(.text)
    EXIT_PortF_Configure                     0x00001fad   Thumb Code    42  main.o(.text)
    EXTI_PortC_Configure                     0x00001fd7   Thumb Code    30  main.o(.text)
    EXTI_PortA_Configure                     0x00001ff5   Thumb Code    90  main.o(.text)
    EXIT_PortE_Configure                     0x0000204f   Thumb Code   114  main.o(.text)
    GPIO_Configure                           0x000020f1   Thumb Code   932  main.o(.text)
    DEBUG_MenuPrint                          0x00002495   Thumb Code     2  main.o(.text)
    mainloop                                 0x00002497   Thumb Code  1064  main.o(.text)
    DEBUG_Init                               0x000028bf   Thumb Code     2  main.o(.text)
    main                                     0x000028c1   Thumb Code    28  main.o(.text)
    GPIOCD_IRQHandler_IT2                    0x000028dd   Thumb Code   254  main.o(.text)
    Get_Cur_BAP_EQ_Mode                      0x000029db   Thumb Code    26  main.o(.text)
    Get_Cur_LR_Stereo_Mode                   0x000029f5   Thumb Code    26  main.o(.text)
    GPIOAB_IRQHandler_IT                     0x00002a0f   Thumb Code   834  main.o(.text)
    GPIOE_IRQHandler_IT                      0x00002d51   Thumb Code   394  main.o(.text)
    EXIT_PortE_Disable                       0x00002edb   Thumb Code    16  main.o(.text)
    GPIOF_IRQHandler_IT                      0x00002eeb   Thumb Code   274  main.o(.text)
    check_failed                             0x00002ffd   Thumb Code     4  main.o(.text)
    Serial_Data_Get                          0x00003001   Thumb Code    44  main.o(.text)
    Serial_Data_Clear                        0x0000302d   Thumb Code    48  main.o(.text)
    ADC_Volume_Attenuator_Value_Init         0x0000305d   Thumb Code   180  main.o(.text)
    NMI_Handler                              0x00003151   Thumb Code     2  a31g21x_it.o(.text)
    HardFault_Handler                        0x00003153   Thumb Code     4  a31g21x_it.o(.text)
    SVC_Handler                              0x00003157   Thumb Code     2  a31g21x_it.o(.text)
    PendSV_Handler                           0x00003159   Thumb Code     2  a31g21x_it.o(.text)
    SysTick_Handler                          0x0000315b   Thumb Code     8  a31g21x_it.o(.text)
    GPIOE_IRQHandler                         0x00003163   Thumb Code     8  a31g21x_it.o(.text)
    GPIOCD_IRQHandler                        0x0000316b   Thumb Code     8  a31g21x_it.o(.text)
    GPIOAB_IRQHandler                        0x00003173   Thumb Code     8  a31g21x_it.o(.text)
    GPIOF_IRQHandler                         0x0000317b   Thumb Code     8  a31g21x_it.o(.text)
    I2C0_IRQHandler                          0x00003183   Thumb Code     8  a31g21x_it.o(.text)
    TIMER20_IRQHandler                       0x0000318b   Thumb Code     8  a31g21x_it.o(.text)
    TIMER12_IRQHandler                       0x00003193   Thumb Code     8  a31g21x_it.o(.text)
    TIMER13_IRQHandler                       0x0000319b   Thumb Code     8  a31g21x_it.o(.text)
    TIMER21_IRQHandler                       0x000031a3   Thumb Code     8  a31g21x_it.o(.text)
    Port_Init                                0x000031ad   Thumb Code   162  a31g21x_portinit.o(.text)
    SystemClock_Config                       0x00003289   Thumb Code    62  a31g21x_systemclock.o(.text)
    I2C0_IRQHandler_IT                       0x000032dd   Thumb Code    58  i2c.o(.text)
    I2C_Error_Handler                        0x00003317   Thumb Code     4  i2c.o(.text)
    I2C_Configure                            0x0000331b   Thumb Code    40  i2c.o(.text)
    I2C_Interrupt_Write_Data                 0x00003343   Thumb Code   124  i2c.o(.text)
    I2C_Interrupt_Read_Data                  0x000033bf   Thumb Code   136  i2c.o(.text)
    Serial_Init                              0x000035cd   Thumb Code    42  serial.o(.text)
    Serial_Open                              0x000035f7   Thumb Code     8  serial.o(.text)
    Serial_Close                             0x000035ff   Thumb Code    10  serial.o(.text)
    Serial_PutChar                           0x00003609   Thumb Code    42  serial.o(.text)
    Serial_PutString                         0x00003633   Thumb Code    26  serial.o(.text)
    USART10_IRQHandler                       0x0000364d   Thumb Code    64  serial.o(.text)
    Serial_Send                              0x0000368d   Thumb Code    42  serial.o(.text)
    Is_Factory_Reset_Long_Key                0x00003757   Thumb Code     6  timer1n.o(.text)
    Is_Power_Long_Key                        0x0000375d   Thumb Code     6  timer1n.o(.text)
    Is_BT_Long_Key                           0x00003763   Thumb Code     6  timer1n.o(.text)
    Is_Volume_Up_Long_Key                    0x00003769   Thumb Code     6  timer1n.o(.text)
    Is_Volume_Down_Long_Key                  0x0000376f   Thumb Code     6  timer1n.o(.text)
    Is_Timer13_Long_Key                      0x00003775   Thumb Code     6  timer1n.o(.text)
    TIMER1n_Error_Handler                    0x0000377b   Thumb Code     4  timer1n.o(.text)
    TIMER12_Configure                        0x0000377f   Thumb Code    70  timer1n.o(.text)
    TIMER12_Periodic_Mode_Run                0x000037c5   Thumb Code    74  timer1n.o(.text)
    TIMER12_IRQHandler_IT                    0x0000380f   Thumb Code   118  timer1n.o(.text)
    TIMER12_50ms_Count_Value                 0x00003885   Thumb Code     8  timer1n.o(.text)
    TIMER13_Configure                        0x0000388d   Thumb Code    64  timer1n.o(.text)
    TIMER13_Periodic_Mode_Run                0x000038cd   Thumb Code   110  timer1n.o(.text)
    TIMER13_IRQHandler_IT                    0x0000393b   Thumb Code    94  timer1n.o(.text)
    TIMER13_50ms_Count_Value                 0x00003999   Thumb Code     8  timer1n.o(.text)
    LED_Status_Display_WR_Color              0x000039f9   Thumb Code   502  led_display.o(.text)
    Set_Status_LED_Mode                      0x00003bef   Thumb Code   120  led_display.o(.text)
    Get_Return_Background_Status_LED_Mode    0x00003c67   Thumb Code     6  led_display.o(.text)
    Get_Return_Status_LED_Mode               0x00003c6d   Thumb Code     6  led_display.o(.text)
    Get_Return_Status_LED_Mode2              0x00003c73   Thumb Code     6  led_display.o(.text)
    Get_Cur_Status_LED_Mode                  0x00003c79   Thumb Code     6  led_display.o(.text)
    LED_Status_Display_Blinking              0x00003c7f   Thumb Code   108  led_display.o(.text)
    LED_Diplay_All_Off                       0x00003ceb   Thumb Code    28  led_display.o(.text)
    LED_Display_All_On                       0x00003d07   Thumb Code    28  led_display.o(.text)
    Factory_Mode_Setting                     0x00003d3d   Thumb Code    86  remocon_action.o(.text)
    Power_State                              0x00003d93   Thumb Code     6  remocon_action.o(.text)
    Remocon_MUTE_Key_Action                  0x00003d99   Thumb Code     8  remocon_action.o(.text)
    Remocon_VOL_Key_Action                   0x00003da1   Thumb Code    22  remocon_action.o(.text)
    Remocon_EQ_Toggle_Key_Action             0x00003db7   Thumb Code    82  remocon_action.o(.text)
    Remocon_EQ_Key_Action                    0x00003e09   Thumb Code    14  remocon_action.o(.text)
    Remocon_BSP_NORMAL_Mode_Switch_Action    0x00003e17   Thumb Code    56  remocon_action.o(.text)
    Remocon_Mode_Key_Action                  0x00003e4f   Thumb Code    26  remocon_action.o(.text)
    Remocon_Power_Key_Action_Toggle          0x00003e69   Thumb Code   330  remocon_action.o(.text)
    Remocon_Power_Key_Action                 0x00003fb3   Thumb Code   328  remocon_action.o(.text)
    Remocon_BT_Long_Key_Action               0x000040fb   Thumb Code    10  remocon_action.o(.text)
    Remocon_BT_Short_Key_Action              0x00004105   Thumb Code     8  remocon_action.o(.text)
    Send_Remote_Key_Event                    0x0000410d   Thumb Code   268  remocon_action.o(.text)
    TIMER21_Configure                        0x0000421d   Thumb Code    68  timer21.o(.text)
    TIMER21_Periodic_Mode_Run                0x00004261   Thumb Code    92  timer21.o(.text)
    TIMER21_IRQHandler_IT                    0x000042bd   Thumb Code   336  timer21.o(.text)
    TIMER21_500ms_Count_Value                0x0000440d   Thumb Code     8  timer21.o(.text)
    Is_Delete_PDL_by_Factory_Reset           0x000044b5   Thumb Code     6  bt_mb3021.o(.text)
    Convert_50Step_to_16Step                 0x000044bb   Thumb Code   120  bt_mb3021.o(.text)
    Convert_16Step_to_50Step                 0x00004533   Thumb Code   120  bt_mb3021.o(.text)
    MB3021_BT_Module_Forced_Input_Audio_Path_Setting 0x000045ab   Thumb Code    16  bt_mb3021.o(.text)
    Get_Current_EQ_Mode                      0x000045bb   Thumb Code    22  bt_mb3021.o(.text)
    Init_uBLE_Remocon_Data                   0x000045d1   Thumb Code    18  bt_mb3021.o(.text)
    SUM_of_Array                             0x000045e3   Thumb Code    22  bt_mb3021.o(.text)
    MB3021_BT_Master_Slave_Grouping_CMD_Set  0x000045f9   Thumb Code     6  bt_mb3021.o(.text)
    MB3021_BT_Master_Slave_Grouping_Start    0x000045ff   Thumb Code    14  bt_mb3021.o(.text)
    MB3021_BT_Master_Slave_Grouping_Stop     0x0000460d   Thumb Code    58  bt_mb3021.o(.text)
    IS_BBT_Init_OK                           0x00004647   Thumb Code     6  bt_mb3021.o(.text)
    BT_Is_Routed                             0x0000464d   Thumb Code     6  bt_mb3021.o(.text)
    MB3021_BT_Module_Value_Init              0x00004653   Thumb Code   150  bt_mb3021.o(.text)
    MB3021_BT_Module_HW_Reset                0x000046e9   Thumb Code    28  bt_mb3021.o(.text)
    MB3021_BT_Module_Input_Key_Init          0x00004729   Thumb Code    90  bt_mb3021.o(.text)
    Send_Cur_Master_Info_To_Tablet           0x00004783   Thumb Code   210  bt_mb3021.o(.text)
    MB3021_BT_Module_Send_cmd_param          0x0000486f   Thumb Code   260  bt_mb3021.o(.text)
    MB3021_BT_Module_Input_Key_Sync_With_Slave 0x00004973   Thumb Code   190  bt_mb3021.o(.text)
    MB3021_BT_Disconnect_All_ACL             0x00004a31   Thumb Code    44  bt_mb3021.o(.text)
    MB3021_BT_Disconnect_ACL                 0x00004a5d   Thumb Code    42  bt_mb3021.o(.text)
    MB3021_BT_Delete_Paired_List_All         0x00004a87   Thumb Code    28  bt_mb3021.o(.text)
    MB3021_BT_Module_Send_cmd                0x00004aa3   Thumb Code    80  bt_mb3021.o(.text)
    MB3021_BT_Read_FW_Version                0x00004af3   Thumb Code    10  bt_mb3021.o(.text)
    MB3021_BT_A2DP_Connection_Control        0x00004afd   Thumb Code    58  bt_mb3021.o(.text)
    MB3021_BT_A2DP_Routing_Control           0x00004b37   Thumb Code    58  bt_mb3021.o(.text)
    MB3021_BT_Module_Init                    0x00004b71   Thumb Code   100  bt_mb3021.o(.text)
    Set_MB3021_BT_Module_Source_Change_Direct 0x00004bd5   Thumb Code   102  bt_mb3021.o(.text)
    Set_MB3021_BT_Module_Source_Change       0x00004c3b   Thumb Code    16  bt_mb3021.o(.text)
    Get_Connection_State                     0x00004c4b   Thumb Code     6  bt_mb3021.o(.text)
    Is_SSP_REBOOT_KEY_In                     0x00004c51   Thumb Code     6  bt_mb3021.o(.text)
    Is_SSP_FACTORY_RESET_KEY_In              0x00004c57   Thumb Code     6  bt_mb3021.o(.text)
    MB3021_BT_Module_Check_Valid_Major_Response 0x00004c5d   Thumb Code    82  bt_mb3021.o(.text)
    MB3021_BT_Module_Check_Valid_Minor_Response 0x00004caf   Thumb Code   294  bt_mb3021.o(.text)
    MB3021_BT_Module_Check_Valid_Major_Indication 0x00004dd5   Thumb Code    82  bt_mb3021.o(.text)
    MB3021_BT_Module_Check_Valid_Minor_Indication 0x00004e27   Thumb Code   210  bt_mb3021.o(.text)
    MB3021_BT_Module_Check_Vailid_BLE_Remote_Data 0x00004ef9   Thumb Code   128  bt_mb3021.o(.text)
    MB3021_BT_Module_Check_Vailid_SSP_Remote_Data 0x00004f79   Thumb Code   128  bt_mb3021.o(.text)
    MB3021_BT_Module_CMD_Execute             0x00005509   Thumb Code  1088  bt_mb3021.o(.text)
    MB3021_BT_Module_Get_Auto_Response_Packet 0x00005dab   Thumb Code  1118  bt_mb3021.o(.text)
    MB3021_BT_Module_Send_Data_Packcet       0x00006209   Thumb Code    60  bt_mb3021.o(.text)
    Do_taskUART                              0x00006245   Thumb Code  2638  bt_mb3021.o(.text)
    MB3021_BT_Module_EQ                      0x00006c93   Thumb Code    16  bt_mb3021.o(.text)
    TAS5806MD_Amp_Move_to_Control_Page       0x00006cf5   Thumb Code    44  tas5806md.o(.text)
    TAS5806MD_Amp_Move_to_Volume_Control_Page 0x00006d21   Thumb Code    50  tas5806md.o(.text)
    Is_BAmp_Init                             0x00006d53   Thumb Code    14  tas5806md.o(.text)
    TAS5806MD_Amp_Volume_Register_Writing    0x00006d61   Thumb Code   158  tas5806md.o(.text)
    TAS5806MD_Amp_Get_Cur_Volume_Level       0x00006dff   Thumb Code     6  tas5806md.o(.text)
    TAS5806MD_DRC_OnOff                      0x00006e05   Thumb Code    64  tas5806md.o(.text)
    TAS5806MD_Amp_Move_to_DSP_Control_Page   0x00006e45   Thumb Code    50  tas5806md.o(.text)
    TAS5806MD_Amp_EQ_DRC_Control             0x00006e77   Thumb Code   516  tas5806md.o(.text)
    TAS5806MD_Set_Cur_EQ_DRC_Mode            0x0000707b   Thumb Code    12  tas5806md.o(.text)
    Is_I2C_Access_OK                         0x00007087   Thumb Code    30  tas5806md.o(.text)
    Is_Mute                                  0x000070a5   Thumb Code    32  tas5806md.o(.text)
    Set_Display_Mute                         0x000070c5   Thumb Code    94  tas5806md.o(.text)
    IS_Display_Mute                          0x00007123   Thumb Code     6  tas5806md.o(.text)
    Set_Is_Mute                              0x00007129   Thumb Code     6  tas5806md.o(.text)
    TAS5806MD_Amp_Set_Cur_Volume_Level       0x0000712f   Thumb Code    74  tas5806md.o(.text)
    TAS5806MD_Amp_Volume_Set_with_Index      0x00007179   Thumb Code    76  tas5806md.o(.text)
    TAS5806MD_Amp_Set_PWR_Control_Mode       0x000071c5   Thumb Code   206  tas5806md.o(.text)
    TAS5806MD_Amp_Init                       0x00007293   Thumb Code   236  tas5806md.o(.text)
    TAS5806MD_Amp_Reset                      0x0000737f   Thumb Code   100  tas5806md.o(.text)
    TAS5806MD_Amp_Mute                       0x000073e3   Thumb Code   246  tas5806md.o(.text)
    TAS5806MD_Amp_Mute_Toggle                0x000074d9   Thumb Code   274  tas5806md.o(.text)
    TAS5806MD_Amp_Volume_Control             0x000075eb   Thumb Code   116  tas5806md.o(.text)
    TAS5806MD_Amp_Mode_Control               0x0000765f   Thumb Code     2  tas5806md.o(.text)
    TAS5806MD_Amp_Get_Cur_Volume_Level_Inverse 0x00007661   Thumb Code    12  tas5806md.o(.text)
    TAS5806MD_Amp_Set_Default_Volume         0x0000766d   Thumb Code     2  tas5806md.o(.text)
    TAS58066MD_Amp_Move_to_DRC_band3_Page    0x0000766f   Thumb Code    50  tas5806md.o(.text)
    TAS5806MD_Amp_Detect_FS                  0x000076a1   Thumb Code   116  tas5806md.o(.text)
    TAS5806MD_Fault_Clear_Reg                0x00007715   Thumb Code    36  tas5806md.o(.text)
    TAS5806MD_Amp_Detect_Fault               0x00007739   Thumb Code   252  tas5806md.o(.text)
    TAS5806MD_Register_Read                  0x00007835   Thumb Code     2  tas5806md.o(.text)
    TAS5806MD_AGL_Value_Change               0x00007837   Thumb Code    44  tas5806md.o(.text)
    TAS5806MD_EQ_OnOff                       0x00007863   Thumb Code    64  tas5806md.o(.text)
    TIMER20_drc_eq_set_flag_start            0x000078b9   Thumb Code     8  timer20.o(.text)
    TIMER20_drc_eq_set_flag_stop             0x000078c1   Thumb Code     8  timer20.o(.text)
    TIMER20_aux_detection_flag_start         0x000078c9   Thumb Code     8  timer20.o(.text)
    TIMER20_aux_detection_flag_stop          0x000078d1   Thumb Code     8  timer20.o(.text)
    TIMER20_aux_detect_check_flag_start      0x000078d9   Thumb Code     8  timer20.o(.text)
    TIMER20_aux_detect_check_flag_stop       0x000078e1   Thumb Code     8  timer20.o(.text)
    TIMER20_aux_input_check_flag_start       0x000078e9   Thumb Code     8  timer20.o(.text)
    TIMER20_aux_input_check_flag_stop        0x000078f1   Thumb Code     8  timer20.o(.text)
    TIMER20_Forced_Input_Audio_Path_Setting_flag_start 0x000078f9   Thumb Code     8  timer20.o(.text)
    TIMER20_Forced_Input_Audio_Path_Setting_flag_stop 0x00007901   Thumb Code     8  timer20.o(.text)
    TIMER20_user_eq_mute_flag_start          0x00007909   Thumb Code     8  timer20.o(.text)
    TIMER20_user_eq_mute_flag_stop           0x00007911   Thumb Code     8  timer20.o(.text)
    TIMER20_factory_reset_cmd_recovery_flag_start 0x00007919   Thumb Code    12  timer20.o(.text)
    TIMER20_factory_reset_cmd_recovery_flag_stop 0x00007925   Thumb Code     8  timer20.o(.text)
    TIMER20_Master_Slave_Grouping_cmd_recovery_flag_start 0x0000792d   Thumb Code    12  timer20.o(.text)
    TIMER20_Master_Slave_Grouping_cmd_recovery_flag_stop 0x00007939   Thumb Code     8  timer20.o(.text)
    TIMER20_Master_Slave_Grouping_flag_Start 0x00007941   Thumb Code    16  timer20.o(.text)
    TIMER20_Master_Slave_Grouping_flag_Stop  0x00007951   Thumb Code    20  timer20.o(.text)
    Get_master_slave_grouping_flag           0x00007965   Thumb Code    16  timer20.o(.text)
    TIMER20_factory_reset_led_display_flag_Start 0x00007975   Thumb Code     8  timer20.o(.text)
    TIMER20_factory_reset_led_display_flag_Stop 0x0000797d   Thumb Code     8  timer20.o(.text)
    Get_factory_reset_led_display_flag       0x00007985   Thumb Code    16  timer20.o(.text)
    TIMER20_Amp_access_error_flag_Start      0x00007995   Thumb Code     8  timer20.o(.text)
    TIMER20_Amp_access_error_flag_Stop       0x0000799d   Thumb Code     8  timer20.o(.text)
    Get_Amp_error_flag                       0x000079a5   Thumb Code    16  timer20.o(.text)
    TIMER20_Amp_error_flag_Start             0x000079b5   Thumb Code     8  timer20.o(.text)
    TIMER20_Amp_error_flag_Stop              0x000079bd   Thumb Code     8  timer20.o(.text)
    TIMER20_mute_flag_Start                  0x000079c5   Thumb Code    18  timer20.o(.text)
    TIMER20_mute_flag_Stop                   0x000079d7   Thumb Code     8  timer20.o(.text)
    Is_TIMER20_mute_flag_set                 0x000079df   Thumb Code     6  timer20.o(.text)
    TIMER20_auto_power_flag_Start            0x000079e5   Thumb Code    22  timer20.o(.text)
    TIMER20_auto_power_flag_Stop             0x000079fb   Thumb Code     8  timer20.o(.text)
    Get_auto_power_flag                      0x00007a03   Thumb Code    16  timer20.o(.text)
    TIMER20_Flag_init                        0x00007a13   Thumb Code    12  timer20.o(.text)
    TIMER20_1s_Count_Value                   0x00007a1f   Thumb Code     6  timer20.o(.text)
    TIMER20_500ms_Count_Value                0x00007a25   Thumb Code     6  timer20.o(.text)
    TIMER20_100ms_Count_Value                0x00007a2b   Thumb Code     6  timer20.o(.text)
    TIMER20_Configure                        0x00007a31   Thumb Code    68  timer20.o(.text)
    TIMER20_Periodic_Mode_Run                0x00007a75   Thumb Code    78  timer20.o(.text)
    TIMER20_IRQHandler_IT                    0x00007ac3   Thumb Code   902  timer20.o(.text)
    Flash_Init                               0x00007ee5   Thumb Code    36  flash.o(.text)
    Flash_CheckWriteArea                     0x00007f09   Thumb Code    20  flash.o(.text)
    Flash_WriteProtection                    0x00007f1d   Thumb Code    78  flash.o(.text)
    Flash_SelfWrite                          0x00007f6b   Thumb Code   130  flash.o(.text)
    Flash_SelfErase                          0x00007fed   Thumb Code   118  flash.o(.text)
    Flash_Read                               0x00008063   Thumb Code    36  flash.o(.text)
    FlashWriteErase                          0x00008087   Thumb Code   170  flash.o(.text)
    FlashSaveData                            0x00008131   Thumb Code   168  flash.o(.text)
    FlashEraseOnly                           0x000081d9   Thumb Code    66  flash.o(.text)
    adcaverage                               0x0000823d   Thumb Code    34  adc.o(.text)
    Error_Handler                            0x0000825f   Thumb Code     4  adc.o(.text)
    ADC_Configure                            0x00008263   Thumb Code    30  adc.o(.text)
    ADC_PollingRun                           0x00008281   Thumb Code    74  adc.o(.text)
    strncmp                                  0x000082d9   Thumb Code   154  strncmp.o(.text)
    __aeabi_memcpy                           0x00008379   Thumb Code   130  rt_memcpy.o(.text)
    __rt_memcpy                              0x00008379   Thumb Code     0  rt_memcpy.o(.text)
    _memset_w                                0x000083fb   Thumb Code    26  rt_memclr.o(.text)
    _memset                                  0x00008415   Thumb Code    30  rt_memclr.o(.text)
    __aeabi_memclr                           0x00008433   Thumb Code     4  rt_memclr.o(.text)
    __rt_memclr                              0x00008433   Thumb Code     0  rt_memclr.o(.text)
    __aeabi_memclr4                          0x00008437   Thumb Code     0  rt_memclr.o(.text)
    __aeabi_memclr8                          0x00008437   Thumb Code     0  rt_memclr.o(.text)
    __rt_memclr_w                            0x00008437   Thumb Code     4  rt_memclr.o(.text)
    strncpy                                  0x0000843d   Thumb Code   104  strncpy.o(.text)
    __aeabi_uidiv                            0x000084a9   Thumb Code     0  aeabi_sdiv.o(.text)
    __aeabi_uidivmod                         0x000084a9   Thumb Code    20  aeabi_sdiv.o(.text)
    __aeabi_idiv                             0x000084bd   Thumb Code     0  aeabi_sdiv.o(.text)
    __aeabi_idivmod                          0x000084bd   Thumb Code   326  aeabi_sdiv.o(.text)
    __use_two_region_memory                  0x00008603   Thumb Code     2  heapauxi.o(.text)
    __rt_heap_escrow$2region                 0x00008605   Thumb Code     2  heapauxi.o(.text)
    __rt_heap_expand$2region                 0x00008607   Thumb Code     2  heapauxi.o(.text)
    __user_setup_stackheap                   0x00008609   Thumb Code    62  sys_stackheap_outer.o(.text)
    exit                                     0x00008647   Thumb Code    16  exit.o(.text)
    __user_libspace                          0x00008659   Thumb Code     8  libspace.o(.text)
    __user_perproc_libspace                  0x00008659   Thumb Code     0  libspace.o(.text)
    __user_perthread_libspace                0x00008659   Thumb Code     0  libspace.o(.text)
    _sys_exit                                0x00008661   Thumb Code     8  sys_exit.o(.text)
    __I$use$semihosting                      0x0000866d   Thumb Code     0  use_no_semi.o(.text)
    __use_no_semihosting_swi                 0x0000866d   Thumb Code     2  use_no_semi.o(.text)
    __decompress                             0x0000866f   Thumb Code     0  __dczerorl2.o(.text)
    __decompress1                            0x0000866f   Thumb Code    86  __dczerorl2.o(.text)
    __semihosting_library_function           0x0000866f   Thumb Code     0  indicate_semi.o(.text)
    __ARM_common_switch8                     0x000086c5   Thumb Code    28  a31g21x_hal_scu.o(i.__ARM_common_switch8)
    ir_key_map                               0x000086e0   Data          18  remocon_action.o(.constdata)
    TAS5806MD_EQ_Table_BAP_NORMAL_MODE       0x000086f2   Data         604  tas5806md.o(.constdata)
    TAS5806MD_EQ_Table_NORMAL                0x0000894e   Data         604  tas5806md.o(.constdata)
    TAS5806MD_EQ_Table_POP_ROCK              0x00008baa   Data         604  tas5806md.o(.constdata)
    TAS5806MD_EQ_Table_CLUB                  0x00008e06   Data         604  tas5806md.o(.constdata)
    TAS5806MD_EQ_Table_JAZZ                  0x00009062   Data         604  tas5806md.o(.constdata)
    TAS5806MD_EQ_Table_VOCAL                 0x000092be   Data         604  tas5806md.o(.constdata)
    TAS5806MD_DRC_Table_BAP_NORMAL           0x0000951a   Data         626  tas5806md.o(.constdata)
    TAS5806MD_DRC_Table_NORMAL               0x0000978c   Data         626  tas5806md.o(.constdata)
    TAS5806MD_DRC_Table_POP_ROCK             0x000099fe   Data         626  tas5806md.o(.constdata)
    TAS5806MD_registers                      0x00009c70   Data        2226  tas5806md.o(.constdata)
    Find_Volume_Level                        0x0000a522   Data          50  tas5806md.o(.constdata)
    TAS5806MD_Volume_Table                   0x0000a554   Data         444  tas5806md.o(.constdata)
    TAS5806MD_AGL_Table                      0x0000a710   Data          30  tas5806md.o(.constdata)
    Region$$Table$$Base                      0x0000a730   Number         0  anon$$obj.o(Region$$Table)
    Region$$Table$$Limit                     0x0000a750   Number         0  anon$$obj.o(Region$$Table)
    SystemCoreClock                          0x20000000   Data           4  system_a31g21x.o(.data)
    SystemPeriClock                          0x20000004   Data           4  system_a31g21x.o(.data)
    UsartBaseClock                           0x20000008   Data           4  a31g21x_hal_usart1n.o(.data)
    B_AUX_DET                                0x20000011   Data           1  main.o(.data)
    B_Auto_AUX_Mode                          0x20000012   Data           1  main.o(.data)
    uBuffer_Count                            0x20000013   Data           1  main.o(.data)
    msec                                     0x20000014   Data           4  main.o(.data)
    complete                                 0x2000007c   Data           1  i2c.o(.data)
    isMasterMode                             0x2000007d   Data           1  i2c.o(.data)
    buffer                                   0x2000007e   Data           1  i2c.o(.data)
    Serial_HandleTable                       0x20000080   Data           8  serial.o(.data)
    Rx10_Buffer                              0x20000088   Data           1  serial.o(.data)
    Rx11_Buffer                              0x20000089   Data           1  serial.o(.data)
    timer13_50ms_count                       0x2000008c   Data           2  timer1n.o(.data)
    timer12_50ms_count                       0x2000008e   Data           2  timer1n.o(.data)
    bVolume_Up                               0x20000090   Data           1  timer1n.o(.data)
    bVol_Up_Long                             0x20000091   Data           1  timer1n.o(.data)
    bVol_Down_Long                           0x20000092   Data           1  timer1n.o(.data)
    bBT_Long                                 0x20000093   Data           1  timer1n.o(.data)
    bPower_Long                              0x20000094   Data           1  timer1n.o(.data)
    bTimer13_Long                            0x20000095   Data           1  timer1n.o(.data)
    bFactory_Reset_Long                      0x20000096   Data           1  timer1n.o(.data)
    Long_Key_Type                            0x20000097   Data           1  timer1n.o(.data)
    cur_status_led_mode                      0x2000009d   Data           1  led_display.o(.data)
    return_status_led_mode                   0x2000009e   Data           1  led_display.o(.data)
    return_status_led_mode2                  0x2000009f   Data           1  led_display.o(.data)
    return_background_status_led_mode        0x200000a0   Data           1  led_display.o(.data)
    bFactory_Reset_Mode                      0x200000a3   Data           1  remocon_action.o(.data)
    BBT_Pairing_Key_In                       0x200000a4   Data           1  remocon_action.o(.data)
    bFACTORY_MODE                            0x200000a6   Data           1  remocon_action.o(.data)
    timer21_250ms_count                      0x200000a8   Data           2  timer21.o(.data)
    timer21_500ms_count                      0x200000aa   Data           2  timer21.o(.data)
    timer21_1s_count                         0x200000ac   Data           2  timer21.o(.data)
    MCU_Version                              0x200000b5   Data           6  bt_mb3021.o(.data)
    BT_Version                               0x200000bb   Data           7  bt_mb3021.o(.data)
    BBT_Init_OK                              0x200000c2   Data           1  bt_mb3021.o(.data)
    BSPP_Ready_OK                            0x200000c3   Data           1  bt_mb3021.o(.data)
    BBT_Is_Connected                         0x200000c4   Data           1  bt_mb3021.o(.data)
    BMaster_Send_BLE_Remote_Data             0x200000c5   Data           1  bt_mb3021.o(.data)
    B_SSP_REBOOT_KEY_In                      0x200000c6   Data           1  bt_mb3021.o(.data)
    B_SSP_FACTORY_RESET_KEY_In               0x200000c7   Data           1  bt_mb3021.o(.data)
    BBT_Is_Routed                            0x200000c8   Data           1  bt_mb3021.o(.data)
    BKeep_Connectable                        0x200000c9   Data           1  bt_mb3021.o(.data)
    B_BLE_Extra_Data                         0x200000ca   Data           1  bt_mb3021.o(.data)
    B_Master_Is_BAP                          0x200000cb   Data           1  bt_mb3021.o(.data)
    uPaired_Device_Count                     0x200000cc   Data           1  bt_mb3021.o(.data)
    uSPP_receive_buf8                        0x200000cd   Data           9  bt_mb3021.o(.data)
    uCurrent_Status_buf8                     0x200000d6   Data          15  bt_mb3021.o(.data)
    uInput_Key_Sync_buf8                     0x200000e5   Data           9  bt_mb3021.o(.data)
    uBLE_Remocon_Data                        0x200000ee   Data           9  bt_mb3021.o(.data)
    uBLE_Extra_Data                          0x200000f7   Data           2  bt_mb3021.o(.data)
    uBT_Local_Address                        0x200000f9   Data           6  bt_mb3021.o(.data)
    uBT_Cur_A2DP_Device_Address              0x200000ff   Data           6  bt_mb3021.o(.data)
    uCur_SPP_Device_Address                  0x20000105   Data           6  bt_mb3021.o(.data)
    uLast_Connected_Device_Address           0x2000010b   Data           6  bt_mb3021.o(.data)
    strUSEN_Device_Name                      0x20000111   Data          14  bt_mb3021.o(.data)
    strUSEN_Device_Name_1                    0x2000011f   Data          18  bt_mb3021.o(.data)
    uBT_Remote_Device_Address                0x20000131   Data           6  bt_mb3021.o(.data)
    uBT_Remote_Device_Name_Size              0x20000137   Data           1  bt_mb3021.o(.data)
    bDevice_Paring_Accept                    0x20000138   Data           1  bt_mb3021.o(.data)
    uMode_Change                             0x20000139   Data           1  bt_mb3021.o(.data)
    uFlash_Read_Buf                          0x2000013a   Data           5  bt_mb3021.o(.data)
    uLast_Connection_Retry_Count             0x2000013f   Data           1  bt_mb3021.o(.data)
    B_Delete_PDL_by_Factory_Reset            0x20000150   Data           1  bt_mb3021.o(.data)
    uCurrent_Vol_Level                       0x20000169   Data           1  tas5806md.o(.data)
    BAmp_Init                                0x2000016c   Data           1  tas5806md.o(.data)
    BAmp_COM                                 0x2000016d   Data           1  tas5806md.o(.data)
    mute_flag                                0x2000017c   Data           4  timer20.o(.data)
    auto_power_flag                          0x20000180   Data           4  timer20.o(.data)
    aux_setting_flag                         0x20000184   Data           4  timer20.o(.data)
    user_eq_mute_flag                        0x20000188   Data           4  timer20.o(.data)
    factory_reset_led_display_flag           0x2000018c   Data           4  timer20.o(.data)
    factory_reset_cmd_recovery_flag          0x20000190   Data           4  timer20.o(.data)
    master_slave_grouping_flag               0x20000194   Data           4  timer20.o(.data)
    master_slave_Grouping_cmd_recovery_flag  0x20000198   Data           4  timer20.o(.data)
    amp_error_flag                           0x2000019c   Data           4  timer20.o(.data)
    amp_access_error_flag                    0x200001a0   Data           4  timer20.o(.data)
    recovery_cmd                             0x200001a4   Data           1  timer20.o(.data)
    recovery_general_cmd                     0x200001a5   Data           1  timer20.o(.data)
    aux_detect_check_flag                    0x200001a8   Data           4  timer20.o(.data)
    aux_detecttion_flag                      0x200001ac   Data           4  timer20.o(.data)
    aux_input_check_flag                     0x200001b0   Data           4  timer20.o(.data)
    drc_eq_set_recovery_flag                 0x200001b4   Data           4  timer20.o(.data)
    UART10_Rx_Buffer                         0x20000204   Data         255  main.o(.bss)
    wdtCfg                                   0x20000304   Data          12  main.o(.bss)
    TIMER1n_Config                           0x20000310   Data          10  timer1n.o(.bss)
    TIMER21_Config                           0x2000031c   Data          16  timer21.o(.bss)
    uAuto_receive_buf32                      0x2000032c   Data          32  bt_mb3021.o(.bss)
    uBT_Remote_Device_Name                   0x2000034c   Data          32  bt_mb3021.o(.bss)
    TIMER20_Config                           0x200003ac   Data          16  timer20.o(.bss)
    adcval                                   0x200003bc   Data          16  adc.o(.bss)
    AD_config                                0x200003cc   Data          12  adc.o(.bss)
    __libspace_start                         0x200003d8   Data          96  libspace.o(.bss)
    __temporary_stack_top$libspace           0x20000438   Data           0  libspace.o(.bss)



==============================================================================

Memory Map of the image

  Image Entry point : 0x000000c1

  Load Region LR_IROM1 (Base: 0x00000000, Size: 0x0000a914, Max: 0x00020000, ABSOLUTE, COMPRESSED[0x0000a7a4])

    Execution Region ER_IROM1 (Exec base: 0x00000000, Load base: 0x00000000, Size: 0x0000a750, Max: 0x00020000, ABSOLUTE)

    Exec Addr    Load Addr    Size         Type   Attr      Idx    E Section Name        Object

    0x00000000   0x00000000   0x000000c0   Data   RO            3    RESET               startup_a31g21x.o
    0x000000c0   0x000000c0   0x00000008   Code   RO          650  * !!!main             c_p.l(__main.o)
    0x000000c8   0x000000c8   0x0000003c   Code   RO          821    !!!scatter          c_p.l(__scatter.o)
    0x00000104   0x00000104   0x0000001c   Code   RO          823    !!handler_zi        c_p.l(__scatter_zi.o)
    0x00000120   0x00000120   0x00000002   Code   RO          688    .ARM.Collect$$libinit$$00000000  c_p.l(libinit.o)
    0x00000122   0x00000122   0x00000000   Code   RO          702    .ARM.Collect$$libinit$$00000002  c_p.l(libinit2.o)
    0x00000122   0x00000122   0x00000000   Code   RO          704    .ARM.Collect$$libinit$$00000004  c_p.l(libinit2.o)
    0x00000122   0x00000122   0x00000000   Code   RO          707    .ARM.Collect$$libinit$$0000000A  c_p.l(libinit2.o)
    0x00000122   0x00000122   0x00000000   Code   RO          709    .ARM.Collect$$libinit$$0000000C  c_p.l(libinit2.o)
    0x00000122   0x00000122   0x00000000   Code   RO          711    .ARM.Collect$$libinit$$0000000E  c_p.l(libinit2.o)
    0x00000122   0x00000122   0x00000000   Code   RO          714    .ARM.Collect$$libinit$$00000011  c_p.l(libinit2.o)
    0x00000122   0x00000122   0x00000000   Code   RO          716    .ARM.Collect$$libinit$$00000013  c_p.l(libinit2.o)
    0x00000122   0x00000122   0x00000000   Code   RO          718    .ARM.Collect$$libinit$$00000015  c_p.l(libinit2.o)
    0x00000122   0x00000122   0x00000000   Code   RO          720    .ARM.Collect$$libinit$$00000017  c_p.l(libinit2.o)
    0x00000122   0x00000122   0x00000000   Code   RO          722    .ARM.Collect$$libinit$$00000019  c_p.l(libinit2.o)
    0x00000122   0x00000122   0x00000000   Code   RO          724    .ARM.Collect$$libinit$$0000001B  c_p.l(libinit2.o)
    0x00000122   0x00000122   0x00000000   Code   RO          726    .ARM.Collect$$libinit$$0000001D  c_p.l(libinit2.o)
    0x00000122   0x00000122   0x00000000   Code   RO          728    .ARM.Collect$$libinit$$0000001F  c_p.l(libinit2.o)
    0x00000122   0x00000122   0x00000000   Code   RO          730    .ARM.Collect$$libinit$$00000021  c_p.l(libinit2.o)
    0x00000122   0x00000122   0x00000000   Code   RO          732    .ARM.Collect$$libinit$$00000023  c_p.l(libinit2.o)
    0x00000122   0x00000122   0x00000000   Code   RO          734    .ARM.Collect$$libinit$$00000025  c_p.l(libinit2.o)
    0x00000122   0x00000122   0x00000000   Code   RO          738    .ARM.Collect$$libinit$$0000002C  c_p.l(libinit2.o)
    0x00000122   0x00000122   0x00000000   Code   RO          740    .ARM.Collect$$libinit$$0000002E  c_p.l(libinit2.o)
    0x00000122   0x00000122   0x00000000   Code   RO          742    .ARM.Collect$$libinit$$00000030  c_p.l(libinit2.o)
    0x00000122   0x00000122   0x00000000   Code   RO          744    .ARM.Collect$$libinit$$00000032  c_p.l(libinit2.o)
    0x00000122   0x00000122   0x00000002   Code   RO          745    .ARM.Collect$$libinit$$00000033  c_p.l(libinit2.o)
    0x00000124   0x00000124   0x00000002   Code   RO          776    .ARM.Collect$$libshutdown$$00000000  c_p.l(libshutdown.o)
    0x00000126   0x00000126   0x00000000   Code   RO          802    .ARM.Collect$$libshutdown$$00000002  c_p.l(libshutdown2.o)
    0x00000126   0x00000126   0x00000000   Code   RO          804    .ARM.Collect$$libshutdown$$00000004  c_p.l(libshutdown2.o)
    0x00000126   0x00000126   0x00000000   Code   RO          807    .ARM.Collect$$libshutdown$$00000007  c_p.l(libshutdown2.o)
    0x00000126   0x00000126   0x00000000   Code   RO          810    .ARM.Collect$$libshutdown$$0000000A  c_p.l(libshutdown2.o)
    0x00000126   0x00000126   0x00000000   Code   RO          812    .ARM.Collect$$libshutdown$$0000000C  c_p.l(libshutdown2.o)
    0x00000126   0x00000126   0x00000000   Code   RO          815    .ARM.Collect$$libshutdown$$0000000F  c_p.l(libshutdown2.o)
    0x00000126   0x00000126   0x00000002   Code   RO          816    .ARM.Collect$$libshutdown$$00000010  c_p.l(libshutdown2.o)
    0x00000128   0x00000128   0x00000000   Code   RO          652    .ARM.Collect$$rtentry$$00000000  c_p.l(__rtentry.o)
    0x00000128   0x00000128   0x00000000   Code   RO          658    .ARM.Collect$$rtentry$$00000002  c_p.l(__rtentry2.o)
    0x00000128   0x00000128   0x00000006   Code   RO          670    .ARM.Collect$$rtentry$$00000004  c_p.l(__rtentry4.o)
    0x0000012e   0x0000012e   0x00000000   Code   RO          660    .ARM.Collect$$rtentry$$00000009  c_p.l(__rtentry2.o)
    0x0000012e   0x0000012e   0x00000004   Code   RO          661    .ARM.Collect$$rtentry$$0000000A  c_p.l(__rtentry2.o)
    0x00000132   0x00000132   0x00000000   Code   RO          663    .ARM.Collect$$rtentry$$0000000C  c_p.l(__rtentry2.o)
    0x00000132   0x00000132   0x00000008   Code   RO          664    .ARM.Collect$$rtentry$$0000000D  c_p.l(__rtentry2.o)
    0x0000013a   0x0000013a   0x00000002   Code   RO          693    .ARM.Collect$$rtexit$$00000000  c_p.l(rtexit.o)
    0x0000013c   0x0000013c   0x00000000   Code   RO          749    .ARM.Collect$$rtexit$$00000002  c_p.l(rtexit2.o)
    0x0000013c   0x0000013c   0x00000004   Code   RO          750    .ARM.Collect$$rtexit$$00000003  c_p.l(rtexit2.o)
    0x00000140   0x00000140   0x00000006   Code   RO          751    .ARM.Collect$$rtexit$$00000004  c_p.l(rtexit2.o)
    0x00000146   0x00000146   0x00000002   PAD
    0x00000148   0x00000148   0x00000038   Code   RO          636    .emb_text           c_p.l(rt_memcpy.o)
    0x00000180   0x00000180   0x00000034   Code   RO            4    .text               startup_a31g21x.o
    0x000001b4   0x000001b4   0x00000054   Code   RO           10    .text               system_a31g21x.o
    0x00000208   0x00000208   0x0000043c   Code   RO           79    .text               a31g21x_hal_scu.o
    0x00000644   0x00000644   0x000002cc   Code   RO           99    .text               a31g21x_hal_pcu.o
    0x00000910   0x00000910   0x000003a0   Code   RO          126    .text               a31g21x_hal_usart1n.o
    0x00000cb0   0x00000cb0   0x00000838   Code   RO          144    .text               a31g21x_hal_i2c.o
    0x000014e8   0x000014e8   0x0000029c   Code   RO          172    .text               a31g21x_hal_timer2n.o
    0x00001784   0x00001784   0x000002f8   Code   RO          199    .text               a31g21x_hal_timer1n.o
    0x00001a7c   0x00001a7c   0x00000114   Code   RO          214    .text               a31g21x_hal_adc.o
    0x00001b90   0x00001b90   0x000000e4   Code   RO          229    .text               a31g21x_hal_wdt.o
    0x00001c74   0x00001c74   0x000014dc   Code   RO          247    .text               main.o
    0x00003150   0x00003150   0x0000005a   Code   RO          304    .text               a31g21x_it.o
    0x000031aa   0x000031aa   0x00000002   PAD
    0x000031ac   0x000031ac   0x000000dc   Code   RO          323    .text               a31g21x_portinit.o
    0x00003288   0x00003288   0x00000054   Code   RO          335    .text               a31g21x_systemclock.o
    0x000032dc   0x000032dc   0x00000180   Code   RO          347    .text               i2c.o
    0x0000345c   0x0000345c   0x0000028c   Code   RO          401    .text               serial.o
    0x000036e8   0x000036e8   0x00000310   Code   RO          449    .text               timer1n.o
    0x000039f8   0x000039f8   0x00000344   Code   RO          465    .text               led_display.o
    0x00003d3c   0x00003d3c   0x000004e0   Code   RO          480    .text               remocon_action.o
    0x0000421c   0x0000421c   0x00000298   Code   RO          500    .text               timer21.o
    0x000044b4   0x000044b4   0x00002840   Code   RO          519    .text               bt_mb3021.o
    0x00006cf4   0x00006cf4   0x00000bc4   Code   RO          568    .text               tas5806md.o
    0x000078b8   0x000078b8   0x0000062c   Code   RO          587    .text               timer20.o
    0x00007ee4   0x00007ee4   0x00000358   Code   RO          603    .text               flash.o
    0x0000823c   0x0000823c   0x0000009c   Code   RO          617    .text               adc.o
    0x000082d8   0x000082d8   0x000000a0   Code   RO          634    .text               c_p.l(strncmp.o)
    0x00008378   0x00008378   0x00000082   Code   RO          637    .text               c_p.l(rt_memcpy.o)
    0x000083fa   0x000083fa   0x00000040   Code   RO          640    .text               c_p.l(rt_memclr.o)
    0x0000843a   0x0000843a   0x00000002   PAD
    0x0000843c   0x0000843c   0x0000006c   Code   RO          642    .text               c_p.l(strncpy.o)
    0x000084a8   0x000084a8   0x0000015a   Code   RO          644    .text               c_p.l(aeabi_sdiv.o)
    0x00008602   0x00008602   0x00000006   Code   RO          648    .text               c_p.l(heapauxi.o)
    0x00008608   0x00008608   0x0000003e   Code   RO          674    .text               c_p.l(sys_stackheap_outer.o)
    0x00008646   0x00008646   0x00000010   Code   RO          677    .text               c_p.l(exit.o)
    0x00008656   0x00008656   0x00000002   PAD
    0x00008658   0x00008658   0x00000008   Code   RO          689    .text               c_p.l(libspace.o)
    0x00008660   0x00008660   0x0000000c   Code   RO          746    .text               c_p.l(sys_exit.o)
    0x0000866c   0x0000866c   0x00000002   Code   RO          765    .text               c_p.l(use_no_semi.o)
    0x0000866e   0x0000866e   0x00000000   Code   RO          767    .text               c_p.l(indicate_semi.o)
    0x0000866e   0x0000866e   0x00000056   Code   RO          819    .text               c_p.l(__dczerorl2.o)
    0x000086c4   0x000086c4   0x0000001c   Code   RO           88    i.__ARM_common_switch8  a31g21x_hal_scu.o
    0x000086e0   0x000086e0   0x00000012   Data   RO          481    .constdata          remocon_action.o
    0x000086f2   0x000086f2   0x0000203c   Data   RO          569    .constdata          tas5806md.o
    0x0000a72e   0x0000a72e   0x00000002   PAD
    0x0000a730   0x0000a730   0x00000020   Data   RO          817    Region$$Table       anon$$obj.o


    Execution Region RW_IRAM1 (Exec base: 0x20000000, Load base: 0x0000a750, Size: 0x00000638, Max: 0x00004000, ABSOLUTE, COMPRESSED[0x00000054])

    Exec Addr    Load Addr    Size         Type   Attr      Idx    E Section Name        Object

    0x20000000   COMPRESSED   0x00000008   Data   RW           11    .data               system_a31g21x.o
    0x20000008   COMPRESSED   0x00000004   Data   RW          127    .data               a31g21x_hal_usart1n.o
    0x2000000c   COMPRESSED   0x00000004   Data   RW          146    .data               a31g21x_hal_i2c.o
    0x20000010   COMPRESSED   0x0000006c   Data   RW          250    .data               main.o
    0x2000007c   COMPRESSED   0x00000003   Data   RW          349    .data               i2c.o
    0x2000007f   COMPRESSED   0x00000001   PAD
    0x20000080   COMPRESSED   0x0000000a   Data   RW          402    .data               serial.o
    0x2000008a   COMPRESSED   0x00000002   PAD
    0x2000008c   COMPRESSED   0x00000011   Data   RW          451    .data               timer1n.o
    0x2000009d   COMPRESSED   0x00000004   Data   RW          466    .data               led_display.o
    0x200000a1   COMPRESSED   0x00000007   Data   RW          482    .data               remocon_action.o
    0x200000a8   COMPRESSED   0x0000000a   Data   RW          502    .data               timer21.o
    0x200000b2   COMPRESSED   0x00000002   PAD
    0x200000b4   COMPRESSED   0x000000b4   Data   RW          521    .data               bt_mb3021.o
    0x20000168   COMPRESSED   0x00000008   Data   RW          570    .data               tas5806md.o
    0x20000170   COMPRESSED   0x00000049   Data   RW          589    .data               timer20.o
    0x200001b9   COMPRESSED   0x00000003   PAD
    0x200001bc   COMPRESSED   0x00000008   Data   RW          604    .data               flash.o
    0x200001c4        -       0x00000040   Zero   RW          145    .bss                a31g21x_hal_i2c.o
    0x20000204        -       0x0000010c   Zero   RW          248    .bss                main.o
    0x20000310        -       0x0000000a   Zero   RW          450    .bss                timer1n.o
    0x2000031a   COMPRESSED   0x00000002   PAD
    0x2000031c        -       0x00000010   Zero   RW          501    .bss                timer21.o
    0x2000032c        -       0x00000080   Zero   RW          520    .bss                bt_mb3021.o
    0x200003ac        -       0x00000010   Zero   RW          588    .bss                timer20.o
    0x200003bc        -       0x0000001c   Zero   RW          618    .bss                adc.o
    0x200003d8        -       0x00000060   Zero   RW          690    .bss                c_p.l(libspace.o)
    0x20000438        -       0x00000000   Zero   RW            2    HEAP                startup_a31g21x.o
    0x20000438        -       0x00000200   Zero   RW            1    STACK               startup_a31g21x.o


==============================================================================

Image component sizes


      Code (inc. data)   RO Data    RW Data    ZI Data      Debug   Object Name

       276          0          0          0          0       4130   a31g21x_hal_adc.o
         0          0          0          0          0       1024   a31g21x_hal_debug_frmwrk.o
      2104         64          0          4         64      17973   a31g21x_hal_i2c.o
       716          6          0          0          0       4438   a31g21x_hal_pcu.o
      1112         44          0          0          0       8145   a31g21x_hal_scu.o
       760         16          0          0          0       5834   a31g21x_hal_timer1n.o
       668         10          0          0          0       3786   a31g21x_hal_timer2n.o
       928         30          0          4          0       8185   a31g21x_hal_usart1n.o
       228         16          0          0          0       2788   a31g21x_hal_wdt.o
        90          0          0          0          0       5278   a31g21x_it.o
       220         58          0          0          0        592   a31g21x_portinit.o
        84         22          0          0          0        545   a31g21x_systemclock.o
       156         14          0          0         28       1683   adc.o
     10304        812          0        180        128      33369   bt_mb3021.o
       856         42          0          8          0       3972   flash.o
       384         22          0          3          0       2730   i2c.o
       836         40          0          4          0       3036   led_display.o
      5340        332          0        108        268      28672   main.o
      1248         38         18          7          0       8007   remocon_action.o
       652         36          0         10          0      10251   serial.o
        52         22        192          0        512        728   startup_a31g21x.o
        84         34          0          8          0     136797   system_a31g21x.o
      3012        138       8252          8          0      13302   tas5806md.o
       784         74          0         17         10       4086   timer1n.o
      1580        148          0         73         16       8968   timer20.o
       664         60          0         10         16       8752   timer21.o

    ----------------------------------------------------------------------
     33140       2078       8496        452       1044     327071   Object Totals
         0          0         32          0          0          0   (incl. Generated)
         2          0          2          8          2          0   (incl. Padding)

    ----------------------------------------------------------------------

      Code (inc. data)   RO Data    RW Data    ZI Data      Debug   Library Member Name

        86          0          0          0          0          0   __dczerorl2.o
         8          0          0          0          0         68   __main.o
         0          0          0          0          0          0   __rtentry.o
        12          0          0          0          0          0   __rtentry2.o
         6          0          0          0          0          0   __rtentry4.o
        60          8          0          0          0          0   __scatter.o
        28          0          0          0          0          0   __scatter_zi.o
       346          0          0          0          0         92   aeabi_sdiv.o
        16          0          0          0          0         68   exit.o
         6          0          0          0          0        136   heapauxi.o
         0          0          0          0          0          0   indicate_semi.o
         2          0          0          0          0          0   libinit.o
         2          0          0          0          0          0   libinit2.o
         2          0          0          0          0          0   libshutdown.o
         2          0          0          0          0          0   libshutdown2.o
         8          4          0          0         96         68   libspace.o
        64          0          0          0          0        108   rt_memclr.o
       186          0          0          0          0        144   rt_memcpy.o
         2          0          0          0          0          0   rtexit.o
        10          0          0          0          0          0   rtexit2.o
       160          6          0          0          0         76   strncmp.o
       108          4          0          0          0         76   strncpy.o
        12          4          0          0          0         60   sys_exit.o
        62          0          0          0          0         80   sys_stackheap_outer.o
         2          0          0          0          0         68   use_no_semi.o

    ----------------------------------------------------------------------
      1196         26          0          0         96       1044   Library Totals
         6          0          0          0          0          0   (incl. Padding)

    ----------------------------------------------------------------------

      Code (inc. data)   RO Data    RW Data    ZI Data      Debug   Library Name

      1190         26          0          0         96       1044   c_p.l

    ----------------------------------------------------------------------
      1196         26          0          0         96       1044   Library Totals

    ----------------------------------------------------------------------

==============================================================================


      Code (inc. data)   RO Data    RW Data    ZI Data      Debug   

     34336       2104       8496        452       1140     325195   Grand Totals
     34336       2104       8496         84       1140     325195   ELF Image Totals (compressed)
     34336       2104       8496         84          0          0   ROM Totals

==============================================================================

    Total RO  Size (Code + RO Data)                42832 (  41.83kB)
    Total RW  Size (RW Data + ZI Data)              1592 (   1.55kB)
    Total ROM Size (Code + RO Data + RW Data)      42916 (  41.91kB)

==============================================================================

